Pulling DEF 14A filings 2026-04-02 .. 2026-05-02 (limit 400)...
Got 400 filings.
[1/400] GNE 2026-05-01 Genie Energy Ltd.  
[2/400] VSCO 2026-05-01 Victoria's Secret & Co.  
[3/400] GTLB 2026-05-01 Gitlab Inc.  
[4/400] DLTR 2026-05-01 DOLLAR TREE, INC.  
[5/400] DKS 2026-05-01 DICK'S SPORTING GOODS, INC.  
[6/400] PSTG 2026-05-01 Everpure, Inc.  
$PSTG: possibly delisted; no price data found  (period=5d)
[7/400] CTRN 2026-05-01 Citi Trends Inc  
[8/400] IDR 2026-05-01 Idaho Strategic Resources, Inc.  
[9/400] FIVE 2026-05-01 FIVE BELOW, INC  
[10/400] AQB 2026-05-01 AQUABOUNTY TECHNOLOGIES INC  
[11/400] SKLZ 2026-05-01 Skillz Inc.  
[12/400] CXM 2026-05-01 Sprinklr, Inc.  
[13/400] ZM 2026-04-30 Zoom Communications, Inc.  
[14/400] ACTG 2026-04-30 ACACIA RESEARCH CORP  
[15/400] LAWIL 2026-04-30 Light & Wonder, Inc.  
$LAWIL: possibly delisted; no price data found  (period=5d)
[16/400] RIOT 2026-04-30 Riot Platforms, Inc.  
[17/400] CTMX 2026-04-30 CytomX Therapeutics, Inc.  
[18/400] STRRP 2026-04-30 Star Equity Holdings, Inc.  
[19/400] BCGWW 2026-04-30 Binah Capital Group, Inc.  
[20/400] BJDX 2026-04-30 Bluejay Diagnostics, Inc.  
[21/400] TONX 2026-04-30 TON Strategy Co  
[22/400] TELA 2026-04-30 TELA Bio, Inc.  
[23/400] ELDN 2026-04-30 Eledon Pharmaceuticals, Inc.  
[24/400] PRKS 2026-04-30 United Parks & Resorts Inc.  
[25/400] SNDX 2026-04-30 Syndax Pharmaceuticals Inc  
[26/400] MX 2026-04-30 MAGNACHIP SEMICONDUCTOR Corp  
