Scan date: 2026-07-01
Jupiter now: 120.3° (Leo 0.3°)

=============================================================================================================================================================================================================
(A) SPECULATIVE PARABOLIC — re-scanned 2026-07-01  |  Jupiter->Leo Jun 30, U-P trine exact Jul 18 (17d), Node ingress ~Aug
=============================================================================================================================================================================================================
  # Tkr    Sector         Age   Now→   Pk     Δ PkMo      mNow   mPk AV GC  NpSn  PlSn #t    pr3   pr12  fLow       $    CVX
  1 TEM    AI_QUANTUM       2  +85→+231 +146 2027-07   1.89  1.61     ★ 10.4° 40.8°  0   +23%    -9%  +37%   57.93   +945
  2 FLUT   GAMBLING         2  +64→+261 +197 2026-08   1.52  1.30     ★ 34.8°  4.3°  2    -1%   -64%  +11%  102.17   +901
  3 ASPI   URANIUM          2 +128→+229 +101 2027-07   2.32  1.98     ★ 38.0° 21.5°  3   +51%   -15%  +53%    6.22   +779
  4 OKLO   NUCLEAR          2  +71→+168  +97 2027-05   2.23  1.83     ★ 44.0° 15.6°  2    +9%    -7%  +15%   52.33   +767
  5 CRWV   AI_QUANTUM       1 +123→+241 +118 2027-06   1.89  1.72     ★  3.7° 26.7°  1   +27%   -39%  +54%   99.54   +695
  6 RDDT   ENTERTAINMENT    2 +188→+234  +46 2026-11   1.58  1.44  ★  ★  2.9° 33.4°  1   +27%   +15%  +42%  173.58   +694
  7 ARM    SEMIS            3  +96→+178  +82 2027-06   2.01  1.83     ★ 12.9° 43.3°  1  +129%  +119% +239%  354.57   +672
  8 IONQ   AI_QUANTUM       5  +88→+237 +149 2026-08   1.89  1.61        4.2° 26.2°  3   +92%   +24% +100%   53.26   +639
  9 INGM   TECH             2  +96→+191  +95 2027-05   1.78  1.46     ★ 27.3°  3.2°  3   +13%   +32%  +46%   27.43   +623
 10 PLTR   AI_QUANTUM       6  +77→+228 +151 2026-08   1.89  1.61        3.5° 27.0°  2   -20%   -14%   +9%  116.67   +620
 11 SMCI   SEMIS           19 +109→+246 +137 2027-07   2.01  1.72     ★  4.1° 26.3°  1   +30%   -40%  +43%   29.33   +610
 12 URA    URANIUM          7  +41→+170 +129 2027-03   2.32  1.84     ★ 37.5°  7.0°  1   -11%   +13%  +20%   43.70   +604
 13 AVAV   DRONES          19 +198→+268  +69 2026-11   1.61  1.47     ★ 28.8°  1.7°  3   -10%   -42%  +21%  165.07   +596
 14 RBLX   CREATOR_ECONOMY   5  +92→+186  +94 2026-09   1.52  1.20  ★    14.2° 44.6°  2    -6%   -48%  +32%   54.38   +579
 15 ALAB   SEMIS            2 +109→+161  +52 2026-10   2.01  1.65  ★  ★  3.9° 34.4°  2  +354%  +434% +445%  483.02   +546
 16 SMR    NUCLEAR          4 +208→+218  +10 2026-09   2.23  1.76     ★ 38.7°  8.3°  1    -2%   -75%   +9%   10.03   +531
 17 CEG    NUCLEAR          4 +240→+262  +21 2026-08   2.23  1.90       39.3°  8.9°  3   -11%   -23%   +3%  248.37   +530
 18 AI     AI_QUANTUM       6  +81→+212 +131 2027-07   1.89  1.61       16.4° 43.1°  1    +7%   -63%  +17%    9.09   +514
 19 RBRK   CYBERSEC         2 +131→+223  +93 2027-04   1.61  1.27     ★ 31.5°  1.0°  2   +65%   -10%  +83%   80.28   +504
 20 DUOL   TECH             5 +197→+266  +70 2027-01   1.78  1.41       31.3°  0.9°  2   +20%   -72%  +28%  115.02   +496
 21 NXE    URANIUM         13 +111→+195  +84 2027-05   2.32  1.91     ★ 20.3° 39.3°  2   -19%   +35%  +46%    9.39   +489
 22 CCJ    URANIUM         30  +24→+161 +137 2026-11   2.32  2.11       38.0°  7.6°  1    -8%   +37%  +45%  101.86   +485
 23 QBTS   AI_QUANTUM       4 +117→+201  +85 2026-08   1.89  1.61     ★ 41.6° 11.2°  2   +75%   +64%  +85%   23.99   +462
 24 NBIS   AI_QUANTUM       2 +117→+204  +86 2027-05   1.89  1.55     ★ 24.3°  6.2°  2  +171%  +399% +523%  276.17   +450
 25 LUNR   SPACE            3 +225→+245  +20 2027-03   1.85  1.47     ★ 39.8° 19.7°  2    +6%   +97% +166%   21.39   +439
 26 NEM    PRECIOUS_METALS  86  +15→+155 +140 2027-01   1.55  1.22     ★  6.6° 23.8°  2   -18%   +60%  +63%   93.40   +425
 27 ENPH   CLEAN           14  +87→+268 +181 2027-05   1.29  1.06        5.9° 24.6°  3   +29%   +24%  +89%   49.24   +411
 28 MSTR   CRYPTO          28 +219→+276  +58 2027-05   1.14  0.93     ★ 13.9° 44.4°  1   -29%   -78%   +6%   86.93   +398
 29 XPEV   EV               6  +97→+187  +90 2026-11   1.48  1.35       29.6° 29.9°  2   -24%   -26%  +10%   13.24   +397
 30 HIMS   BIOTECH          5  +74→+188 +114 2026-09   1.48  1.17       27.4°  3.1°  2   +75%   -30% +139%   34.67   +396
 31 CVNA   RETAIL           9  +73→+185 +113 2026-09   1.16  0.92     ★ 34.1°  3.6°  4    +5%    -2%  +17%   65.82   +392
 32 AEM    PRECIOUS_METALS  54 +173→+219  +46 2026-10   1.55  1.27     ★ 30.3°  0.1°  3   -26%   +30%  +34%  155.13   +386
 33 KVYO   TECH             3 +119→+161  +42 2027-03   1.78  1.41     ★  7.0° 37.5°  1   -22%   -55%  +17%   15.10   +382
 34 RL     LUXURY          29 +137→+302 +165 2027-06   1.52  1.38       12.8° 43.2°  0   +14%   +46%  +48%  401.41   +371
 35 GDX    PRECIOUS_METALS  20 +182→+193  +11 2027-06   1.55  1.41     ★ 38.8° 20.7°  4   -21%   +45%  +49%   75.45   +362
 36 MELI   TECH            19 +101→+184  +82 2027-04   1.78  1.41     ★ 43.2° 12.7°  1    -1%   -35%  +10% 1697.39   +357
 37 RXRX   BIOTECH          5  +76→+152  +76 2026-11   1.48  1.35       22.4°  8.0°  2   +20%   -27%  +29%    3.67   +354
 38 NNE    NUCLEAR          2 +109→+135  +26 2027-04   2.23  1.76     ★ 44.1° 13.6°  2    +4%   -39%  +11%   21.14   +353
 39 HOOD   FINANCE          5 +133→+264 +131 2026-10   1.29  1.06       32.3°  1.8°  3   +43%    +7%  +54%  100.28   +353
 40 SE     TECH             9 +143→+215  +73 2026-11   1.78  1.62       23.0°  7.5°  3   +17%   -40%  +23%   95.83   +352

(B) SP500 quiet-price + forward-shift as of 2026-07-01...

====================================================================================================================================================================================
(B) SP500 BIG 12-MONTH SHIFT + PRICE QUIET — re-scanned 2026-07-01
====================================================================================================================================================================================
  # Tkr    GICS                     Now→   Pk      Δ  PkMo      pr3mo  pr12mo   fLow  Name
  1 CTAS   Industrials             +20→+237  + 217  2027-07     -1%    -24%    +4%  Cintas
  2 DUK    Utilities                +1→+211  + 210  2027-04     -3%     +7%   +11%  Duke Energy
  3 CCL    Consumer Discretionar   +30→+226  + 196  2027-07     +7%     +2%   +20%  Carnival
  4 SW     Materials               +76→+259  + 183  2026-10    +15%     +7%   +41%  Smurfit Westrock
  5 MAA    Real Estate             +72→+251  + 178  2026-12    +13%     -6%   +15%  Mid-America Apartmen
  6 TROW   Financials              +68→+236  + 168  2027-05    +27%    +18%   +32%  T. Rowe Price
  7 EMR    Industrials            +101→+268  + 166  2027-05     +8%     +7%   +16%  Emerson Electric
  8 BLK    Financials             +117→+278  + 161  2026-08     +0%     -8%    +4%  BlackRock
  9 IQV    Health Care             +53→+212  + 159  2027-06    +12%    +23%   +23%  IQVIA
 10 SYK    Health Care            +104→+263  + 158  2027-05     -4%    -20%   +11%  Stryker Corporation
 11 CCI    Real Estate             +96→+253  + 158  2027-07     -6%    -26%    +0%  Crown Castle
 12 AFL    Financials               +8→+165  + 157  2027-04     +7%    +11%   +20%  Aflac
 13 ULTA   Consumer Discretionar   +69→+225  + 157  2027-07    -16%     -4%    +0%  Ulta Beauty
 14 LDOS   Industrials             +60→+217  + 156  2026-10    -34%    -35%    +3%  Leidos
 15 ADSK   Information Technolog   +69→+225  + 156  2026-11    -18%    -37%    +4%  Autodesk
 16 AEE    Utilities               +14→+167  + 153  2027-04     +2%    +18%   +19%  Ameren
 17 ITW    Industrials             +12→+165  + 153  2026-11     +4%     +9%   +12%  Illinois Tool Works
 18 PEG    Utilities                -2→+151  + 152  2027-01     -0%     -4%    +6%  Public Service Enter
 19 SO     Utilities                -2→+151  + 152  2027-01     -1%     +4%   +14%  Southern Company
 20 ROL    Industrials            +119→+271  + 152  2026-08    -22%    -26%    +0%  Rollins, Inc.
 21 PLTR   Information Technolog   +77→+228  + 151  2026-08    -20%    -14%    +9%  Palantir Technologie
 22 PNW    Utilities               +35→+187  + 151  2027-04     +5%    +20%   +25%  Pinnacle West Capita
 23 PPL    Utilities                +7→+158  + 151  2027-04     -5%     +7%    +9%  PPL Corporation
 24 TJX    Consumer Discretionar   +47→+197  + 150  2026-12     -6%    +23%   +25%  TJX Companies
 25 XYZ    Financials              +95→+240  + 145  2027-07    +28%    +12%   +55%  Block, Inc.
 26 V      Financials              +79→+222  + 143  2027-02    +15%     -3%   +16%  Visa Inc.
 27 ATO    Utilities               +23→+162  + 139  2027-04     -7%    +12%   +14%  Atmos Energy
 28 MET    Financials              +60→+197  + 137  2027-07    +19%     +5%   +25%  MetLife
 29 BR     Industrials            +120→+255  + 135  2027-07    -14%    -44%    +1%  Broadridge Financial
 30 SBAC   Real Estate             +95→+230  + 134  2026-11     +3%    -25%    +7%  SBA Communications

Exported: data/best_opps_jul2026_spec.csv + data/best_opps_jul2026_sp500.csv
