Loading stocks...
  19 stocks loaded
Precomputing planet longitudes (3-day grid)...
  Grid: 4421 dates, 8 planets
  95582 total activations across 384 unique aspect-keys

========================================================================================================================
PER-ASPECT-KEY FORWARD-RETURN PROFILES (n>=10 minimum)
  Median forward return at 1mo / 3mo / 6mo / 12mo
========================================================================================================================

TOP 50 BULLISH by 12mo median forward return:
tPlanet   natPt Aspect        n |    1mo    3mo    6mo   12mo  |  pos%@12mo
Neptune   MC    sq_90        13 |  +7.2% +30.2% +28.6% +103.1%  |       77%
Uranus    ASC   bat_41       18 |  +5.8% +16.3% +33.4% +59.2%  |       89% ★
Pluto     Moon  qnt_72       20 |  +8.0% +15.8% +33.1% +59.2%  |       80% ★
Uranus    Sun   gart_77      24 |  +1.2%  -0.3% +19.9% +56.7%  |       75% ★
Neptune   Sun   sxt_60       12 |  +0.7%  +5.6% +18.6% +55.2%  |       83%
Neptune   Sun   sept_51      12 |  +2.0% +13.4% +22.3% +50.9%  |       75%
Uranus    Sun   qnt_72       25 |  +2.8% +16.2% +19.8% +48.8%  |       92% ★
Neptune   MC    qnt_72       23 |  -0.6%  +4.0% +22.3% +48.4%  |       74% ★
Uranus    Sun   sq_90        25 |  +0.6%  +7.1%  +1.8% +46.1%  |       80% ★
Neptune   MC    gart_77      17 |  +0.2% +14.7% +11.6% +45.7%  |       71% ★
Neptune   Moon  sq_90        11 |  +5.7%  +3.0% +13.7% +43.1%  |       82%
Neptune   ASC   gart_77      22 |  +2.1%  +4.9% +26.3% +42.7%  |       91% ★
Pluto     ASC   biq_144      21 |  +0.2%  +5.2% +25.2% +41.1%  |       90% ★
Pluto     Moon  gart_77      23 |  -0.3%  -1.7%  +9.8% +40.6%  |       78% ★
Uranus    Sun   bat_41       31 |  +1.4% +10.9% +16.5% +40.4%  |       77% ★
Uranus    Moon  sxt_60       30 |  -0.3% +10.7% +10.0% +40.3%  |       83% ★
Uranus    Moon  butt_98      22 |  +1.0%  -0.9% +12.9% +39.1%  |       73% ★
Neptune   ASC   qnt_72       22 |  +0.2%  +3.5% +12.0% +36.5%  |       91% ★
Uranus    MC    sept_51      26 |  -1.9%  +2.6% +20.0% +36.4%  |       73% ★
Pluto     Sun   biq_144      11 |  +2.7% +13.9% +15.6% +36.1%  |       73%
Uranus    MC    conj_0       14 |  -2.6%  +7.3% +13.8% +35.7%  |       79%
Saturn    ASC   butt_98      67 |  +0.4%  +5.6% +14.2% +34.7%  |       84% ★
Pluto     Sun   sxt_60       20 |  +5.4%  +7.6% +18.3% +34.4%  |       85% ★
Jupiter   Sun   sxt_60      116 |  +3.1%  +7.6% +11.3% +34.4%  |       76% ★
Saturn    ASC   sq_90        63 |  +4.2% +10.6% +15.5% +33.9%  |       78% ★
Saturn    MC    sept_51      55 |  +2.2%  +8.3% +13.5% +33.8%  |       73% ★
Uranus    Moon  opp_180      13 |  +0.2%  -1.5% +15.2% +33.1%  |       85%
Uranus    ASC   qnt_72       30 |  +3.4%  +9.7% +17.1% +32.6%  |       77% ★
Neptune   ASC   biq_144      18 |  +2.5% +11.6% +14.7% +32.4%  |       72% ★
Neptune   Sun   bat_41       15 |  +4.3% +12.0% +12.3% +32.3%  |       60% ★
Neptune   MC    bat_41       21 |  +2.7% +10.4%  +6.3% +32.2%  |       67% ★
Saturn    Moon  sq_90        56 |  +1.9%  +6.9% +19.6% +32.1%  |       71% ★
Saturn    MC    phi_137      59 |  +2.5% +11.0% +18.4% +31.3%  |       75% ★
Pluto     MC    tri_120      27 |  -1.1% +10.7% +15.2% +31.0%  |       85% ★
Pluto     MC    butt_98      25 |  +1.6%  +2.5% +16.9% +31.0%  |       80% ★
Saturn    ASC   phi_137      67 |  +1.3%  +8.7% +14.2% +30.6%  |       70% ★
Neptune   MC    sept_51      14 |  +2.5%  -0.2%  +7.7% +30.6%  |       86%
Uranus    Sun   phi_137      33 |  +4.2% +14.4% +17.2% +29.3%  |       79% ★
Neptune   Sun   gart_77      23 |  +2.2%  +5.0% +19.5% +29.0%  |       70% ★
Jupiter   Sun   sept_51     109 |  +2.4%  +6.8% +16.6% +28.9%  |       77% ★
Uranus    Sun   sept_51      26 |  +2.4% +12.3% +17.6% +28.8%  |       65% ★
Pluto     Sun   butt_98      18 |  -0.3%  +3.1%  +2.1% +28.2%  |       67% ★
Pluto     MC    phi_137      17 |  +1.8% +10.2% +17.8% +27.6%  |       82% ★
Pluto     ASC   qnt_72       16 |  +2.6%  +8.3% +16.6% +27.6%  |       69% ★
Neptune   Moon  phi_137      16 |  +7.6% +11.3% +23.3% +27.5%  |       88% ★
Pluto     Sun   phi_137      16 |  +3.4%  +6.3%  +8.9% +27.3%  |       94% ★
Pluto     ASC   sxt_60       19 |  +1.4%  +6.3%  +2.5% +27.2%  |       63% ★
Pluto     MC    biq_144      16 |  +6.5%  -0.7%  +7.0% +27.1%  |       75% ★
Pluto     ASC   butt_98      12 |  +9.3% +20.1%  +0.1% +26.7%  |       58%
Jupiter   Sun   sq_90       107 |  +2.4%  +3.8% +12.2% +26.6%  |       64% ★

BOTTOM 25 BEARISH by 12mo median:
Pluto     MC    bat_41       10 |  -2.9%  -7.7%  -9.1% -22.3%  |       40%
Neptune   ASC   sept_51      16 |  -2.4%  -0.0% -13.6% -10.7%  |       50%
Neptune   MC    sxt_60       23 |  -0.1%  -1.0% +11.6%  -6.8%  |       48%
Pluto     Moon  sept_51      17 |  +1.0% -12.2%  -4.7%  -4.6%  |       41%
Saturn    MC    qnt_72       62 |  +2.4%  +0.2%  +5.6%  -4.3%  |       45%
Neptune   Sun   sq_90        21 |  +4.1%  +2.7%  +1.9%  -2.7%  |       48%
Pluto     MC    sept_51      19 |  +1.7%  +1.9%  +0.7%  -2.2%  |       47%
Uranus    MC    sq_90        22 |  +1.3%  -0.3%  +1.3%  -2.1%  |       50%
Pluto     Moon  bat_41       11 |  +6.3%  +3.5%  +7.8%  -1.8%  |       45%
Neptune   Sun   biq_144      14 |  -0.5%  -5.1%  -1.3%  -0.8%  |       50%
Pluto     ASC   bat_41       18 |  -0.7%  -2.0%  -1.5%  -0.6%  |       50%
Pluto     MC    sxt_60       16 |  -1.6% -19.3%  -2.3%  -0.2%  |       50%
Saturn    Moon  conj_0       28 |  -5.2%  -7.5%  -0.4%  +0.8%  |       50%
Pluto     Moon  phi_137      14 |  +2.1%  +6.5%  +4.3%  +1.5%  |       57%
Neptune   ASC   opp_180      10 | +15.9% +14.8%  -1.2%  +2.2%  |       50%
Neptune   Moon  bat_41       23 |  +0.3%  +2.4% +11.8%  +2.8%  |       52%
Neptune   Moon  conj_0       10 |  +1.3%  +8.6%  +4.1%  +2.9%  |       50%
Saturn    MC    tri_120      66 |  +0.0%  +0.3%  +1.3%  +3.2%  |       56%
Saturn    ASC   gart_77      61 |  -2.4%  -3.0%  +2.8%  +4.1%  |       54%
Saturn    MC    gart_77      60 |  -0.3%  +7.5%  +2.8%  +4.8%  |       55%
Saturn    ASC   conj_0       26 |  -1.1%  -6.6%  +2.3%  +4.9%  |       54%
Pluto     ASC   conj_0       14 |  +1.5%  -2.3%  +9.4%  +4.9%  |       57%
Pluto     Sun   bat_41       17 |  +3.1%  +4.5% +12.5%  +4.9%  |       65%
Pluto     Sun   sq_90        24 |  +2.6%  +3.2%  +0.8%  +5.2%  |       58%
Jupiter   MC    opp_180      55 |  +2.2%  +5.7%  +6.5%  +5.3%  |       60%

========================================================================================================================
AGGREGATE BY ASPECT TYPE — average across all (planet, natal-pt) keys
========================================================================================================================
Aspect        keys   totN |  avg1mo  avg3mo  avg6mo  avg12mo
sq_90           32   8697 |   +2.0%   +5.4%   +9.8%   +22.7%
gart_77         32   8658 |   +1.4%   +4.5%  +10.5%   +22.4%
qnt_72          32   8669 |   +2.0%   +5.2%  +12.1%   +22.2%
butt_98         31   8690 |   +1.8%   +4.9%   +8.8%   +21.0%
sxt_60          32   8775 |   +1.6%   +4.4%  +10.3%   +20.7%
sept_51         32   8762 |   +1.6%   +3.8%  +10.1%   +20.5%
biq_144         32   8662 |   +2.0%   +4.4%   +9.0%   +19.4%
phi_137         32   8696 |   +1.7%   +5.6%  +10.0%   +18.6%
bat_41          32   8699 |   +1.9%   +5.5%  +10.0%   +18.5%
tri_120         31   8674 |   +1.4%   +5.0%   +9.7%   +17.9%
opp_180         26   4240 |   +1.9%   +4.9%   +8.3%   +16.8%
conj_0          25   4252 |   +1.4%   +4.4%   +9.8%   +16.7%

========================================================================================================================
AGGREGATE BY TRANSIT PLANET
========================================================================================================================
tPlanet    keys   totN |  avg1mo  avg3mo  avg6mo  avg12mo
Jupiter      48   4886 |   +1.9%   +5.0%   +9.9%   +20.1%
Mars         48  21070 |   +1.8%   +5.4%  +10.8%   +20.7%
Mercury      48  30894 |   +1.8%   +4.8%   +9.7%   +19.5%
Neptune      42    757 |   +2.1%   +5.2%   +9.0%   +21.7%
Pluto        40    743 |   +1.9%   +3.4%   +9.5%   +18.4%
Saturn       48   2601 |   +1.2%   +4.6%  +10.1%   +17.6%
Uranus       47   1186 |   +1.2%   +4.9%  +10.4%   +21.9%
Venus        48  33337 |   +1.8%   +5.0%   +9.8%   +19.3%
