Loading stock charts and prices...
  AAPL loaded (9142 days)
  MSFT loaded (9142 days)
  NVDA loaded (6853 days)
  AMZN loaded (7278 days)
  GOOG loaded (5452 days)
  META loaded (3500 days)
  TSLA loaded (3977 days)
  NFLX loaded (6016 days)
  GME loaded (6085 days)
  AMC loaded (3102 days)
  PLTR loaded (1395 days)
  APP loaded (1260 days)
  SMCI loaded (4796 days)
  WDC loaded (9142 days)
  CHRW loaded (7171 days)
  BLDR loaded (5236 days)
  DECK loaded (8183 days)
  FISV loaded (9141 days)
  INCY loaded (8169 days)

Scanning aspect activations...
