Loaded 152 cases

====================================================================================================
 HARMONIC + TRADITIONAL ASPECT ACTIVATION RATES — % cases with any transit-outer to natal-point ≤3°
====================================================================================================
Aspect          angle   BOT %≤3°  MID %≤3°  PEAK %≤3°    BOT-PEAK
CONJ_0           0.00°      23.7%     26.3%      27.6%       -3.9pp
SQ_90           90.00°      44.7%     44.7%      53.3%       -8.6pp
OPP_180        180.00°      25.0%     28.3%      30.9%       -5.9pp
SEXT_60         60.00°      48.7%     52.0%      50.7%       -2.0pp
TRINE_120      120.00°      52.0%     52.6%      52.0%       +0.0pp
PHI_137.5      137.50°      43.4%     53.3%      52.6%       -9.2pp
PHI_77.04       77.04°      47.4%     50.7%      49.3%       -2.0pp
PHI_41.04       41.04°      45.4%     50.7%      48.0%       -2.6pp
PHI_97.92       97.92°      59.9%     56.6%      53.3%       +6.6pp
QUINT_72        72.00°      53.3%     46.7%      55.9%       -2.6pp
BIQUINT_144    144.00°      49.3%     49.3%      46.1%       +3.3pp
DECILE_36       36.00°      39.5%     37.5%      49.3%       -9.9pp
TRIDEC_108     108.00°      50.0%     44.7%      52.0%       -2.0pp

====================================================================================================
 BASELINE — same charts, RANDOM non-event months (sampled at ±60 months from each peak)
====================================================================================================
  Baseline pool size: 456

Aspect          angle   Base %≤3°   BOT lift  MID lift  PEAK lift
CONJ_0           0.00°       27.0%       -3.3     -0.7      +0.7
SQ_90           90.00°       51.3%       -6.6     -6.6      +2.0 <<
OPP_180        180.00°       25.7%       -0.7     +2.6      +5.3 <<
SEXT_60         60.00°       50.7%       -2.0     +1.3      +0.0
TRINE_120      120.00°       49.6%       +2.4     +3.1      +2.4
PHI_137.5      137.50°       52.0%       -8.6     +1.3      +0.7 <<
PHI_77.04       77.04°       54.6%       -7.2     -3.9      -5.3 <<
PHI_41.04       41.04°       48.9%       -3.5     +1.8      -0.9
PHI_97.92       97.92°       48.9%      +11.0     +7.7      +4.4 <<
QUINT_72        72.00°       50.2%       +3.1     -3.5      +5.7 <<
BIQUINT_144    144.00°       47.6%       +1.8     +1.8      -1.5
DECILE_36       36.00°       45.0%       -5.5     -7.5      +4.4 <<
TRIDEC_108     108.00°       52.4%       -2.4     -7.7      -0.4 <<

====================================================================================================
 TIGHT (≤1°) — does any harmonic aspect EXACT cluster at events?
====================================================================================================
Aspect          angle   Base %≤1°   BOT %≤1°  MID %≤1°  PEAK %≤1°
CONJ_0           0.00°        9.6%        7.2%      7.9%       9.2%
SQ_90           90.00°       19.5%       19.1%     19.1%      24.3% <<
OPP_180        180.00°        9.4%        7.2%      8.6%       8.6%
SEXT_60         60.00°       18.2%       17.8%     17.8%      19.7%
TRINE_120      120.00°       18.2%       17.1%     13.8%      21.7% <<
PHI_137.5      137.50°       23.7%       19.1%     19.1%      27.6% <<
PHI_77.04       77.04°       21.3%       21.1%     22.4%      17.1%
PHI_41.04       41.04°       22.1%       16.4%     20.4%      17.8%
PHI_97.92       97.92°       18.4%       19.7%     23.7%      28.9% <<
QUINT_72        72.00°       23.9%       23.0%     19.1%      27.6% <<
BIQUINT_144    144.00°       20.8%       21.7%     19.1%       9.2%
DECILE_36       36.00°       17.1%       19.1%     13.8%      21.7% <<
TRIDEC_108     108.00°       17.1%       15.8%     19.1%      23.0% <<

====================================================================================================
 PER-PLANET BREAKDOWN — best harmonic aspect: PHI_97.92 (97.92°)
====================================================================================================
Pair               BOT %≤3°   MID %≤3°   PEAK %≤3°
Jupiter-Sun            3.3%       3.3%        3.3%
Jupiter-Moon           2.0%       2.6%        2.0%
Jupiter-ASC            3.9%       2.6%        2.6%
Jupiter-MC             3.9%       5.9%        4.6%
Saturn-Sun            3.3%       4.6%        4.6%
Saturn-Moon           3.9%       3.9%        2.0%
Saturn-ASC            5.3%       6.6%        4.6%
Saturn-MC             4.6%       3.9%        4.6%
Uranus-Sun            3.3%       5.9%        3.9%
Uranus-Moon           7.2%       3.3%        4.6%
Uranus-ASC            3.9%       2.0%        1.3%
Uranus-MC             2.6%       4.6%        4.6%
Neptune-Sun            1.3%       0.7%        2.6%
Neptune-Moon           2.0%       0.7%        2.0%
Neptune-ASC            1.3%       2.6%        3.3%
Neptune-MC             5.9%       3.9%        3.3%
Pluto-Sun            5.3%       5.3%        5.3%
Pluto-Moon           4.6%       4.6%        3.9%
