Building eclipse DB...
Universe: 388
  100/388 1s
  200/388 1s
  300/388 2s
Scored 381 alive names

======================================================================================================================================================
BULLISH 3-MONTH — top 15 by Δ x washout
======================================================================================================================================================
  # Tkr      Now     Δ PkMo       pr12    fHi  Cult  Expl  Tags / Name
  1 BAOS    +64 +143 2026-11    -81%   -93%   3.5  13.0  Stell,young,Silas-JupReact   Baosheng Media Group
  2 KSCP   +127 +136 2026-10    -71%   -95%   1.0   2.9  young                        Knightscope, Inc.
  3 UPST    +70 +121 2026-11    -50%   -66%   2.5   6.8  Stell,Silas-JupReact         Upstart Holdings Inc
  4 SFD    +115 +155 2026-10    -10%   -24%   2.5   6.0  GC,young                     Smithfield Foods Inc
  5 OFAL    +64 +132 2026-11    -36%   -82%   4.0   9.8  NePl-sxt,GC,young            OFA Group
  6 NBP    +107 +113 2026-11    -53%   -70%   0.0   0.0                               Northern Border Part
  7 MKC     +39 +147 2026-11    -18%   -33%   1.5   3.9  Silas-JupReact               McCormick & Company
  8 V       +47 +165 2026-11     +7%    -2%   1.5   3.2  Silas-JupReact               Visa Inc.
  9 IGTAU  +111 +108 2026-09    -82%   -82%   1.0   2.8  young                        Inception Growth Acq
 10 NRSN   +111 +108 2026-09    -66%   -84%   1.0   2.8  young                        Neurosense Therapeut
 11 TXO     +74 +159 2026-11     +3%   -39%   1.0   2.1  young                        TXO Energy Partners 
 12 DMAAU  +115 +155 2026-10     +2%    -8%   2.5   5.2  GC,young                     Drugs Made In Americ
 13 SBAC    +96 +134 2026-11    -17%   -28%   3.5   7.6  tPlu-light,Silas-JupReact    SBA Communications
 14 JELD   +109 +102 2026-10    -65%   -90%   3.5  10.0  GC,tPlu-light                JELD-WEN Holding Inc
 15 BISA    +90  +99 2026-09    -97%  -100%   3.5   8.7  UrPl-sxt,tNep-light          Baltic International

======================================================================================================================================================
BULLISH 6-MONTH — top 15 by Δ x washout
======================================================================================================================================================
  # Tkr      Now     Δ PkMo       pr12    fHi  Cult  Expl  Tags / Name
  1 BAOS    +64 +192 2027-02    -81%   -93%   3.5  13.0  Stell,young,Silas-JupReact   Baosheng Media Group
  2 MKC     +39 +185 2027-02    -18%   -33%   1.5   3.9  Silas-JupReact               McCormick & Company
  3 JELD   +109 +137 2026-12    -65%   -90%   3.5  10.0  GC,tPlu-light                JELD-WEN Holding Inc
  4 KSCP   +127 +132 2026-12    -71%   -95%   1.0   2.9  young                        Knightscope, Inc.
  5 GEVO    +90 +193 2027-02     -3%   -53%   3.0   6.9  GC,Silas-JupReact            Gevo Inc
  6 INN     +90 +193 2027-02    +16%   -14%   3.0   6.9  GC,Silas-JupReact            Summit Hotel Propert
  7 EOLS    +49 +189 2027-02    +21%   -51%   1.5   3.4  Silas-JupReact               Evolus Inc
  8 WHD     +49 +189 2027-02    +88%    +0%   1.5   3.4  Silas-JupReact               Cactus Inc
  9 SFD    +115 +163 2026-12    -10%   -24%   2.5   6.0  GC,young                     Smithfield Foods Inc
 10 MAXI    +66 +119 2026-12    -66%   -72%   3.0   9.6  NePl-sxt,GC                  MAXICARE HEALTH
 11 BLV    +115 +176 2026-12     -4%   -13%   1.5   3.3  GC                           Belvedere
 12 V       +47 +175 2027-02     +7%    -2%   1.5   3.2  Silas-JupReact               Visa Inc.
 13 MSS    +168 +113 2027-02    -96%   -98%   6.0  15.8  NePl-sxt,GC,tNep-light,young Maison Solutions Inc
 14 RYAN    +15 +148 2027-01    -29%   -44%   2.5   5.9  NePl-sxt,young               Ryan Specialty Group
 15 DUOL   +153 +113 2027-01    -57%   -73%   6.5  17.1  NePl-sxt,tPlu-light,tNep-light,young Duolingo Inc

======================================================================================================================================================
BULLISH 12-MONTH — top 15 by Δ x washout
======================================================================================================================================================
  # Tkr      Now     Δ PkMo       pr12    fHi  Cult  Expl  Tags / Name
  1 BAOS    +64 +221 2027-04    -81%   -93%   3.5  13.0  Stell,young,Silas-JupReact   Baosheng Media Group
  2 MAXI    +66 +171 2027-07    -66%   -72%   3.0   9.6  NePl-sxt,GC                  MAXICARE HEALTH
  3 CNEY   +108 +164 2027-07    -73%   -99%   2.0   6.3  Stell,young                  CN Energy Group Inc
  4 CCI     +95 +189 2027-08    -27%   -38%   1.5   3.9  GC                           Crown Castle
  5 CJMB   +117 +145 2027-07    -50%   -61%   4.0  11.8  GC,young,Silas-JupReact      Callan JMB INC.
  6 HCAI   +117 +145 2027-07    -73%   -98%   4.0  11.8  GC,young,Silas-JupReact      Huachen AI Parking M
  7 BOLT   +108 +164 2027-07    -32%   -89%   2.0   5.4  Stell,young                  Bolt Biotherapeutics
  8 VOR    +108 +164 2027-07    -42%   -59%   2.0   5.4  Stell,young                  Vor Biopharma Inc
  9 TEAM    +59 +206 2027-08     +5%   -46%   0.0   0.0                               Atlassian Corp PLC
 10 ENPH    +65 +204 2027-05     +9%   -71%   0.0   0.0                               ENPH
 11 MKC     +39 +176 2027-05    -18%   -33%   1.5   3.9  Silas-JupReact               McCormick & Company
 12 CCL     +23 +203 2027-07    -10%   -21%   3.5   8.2  NePl-sxt,tPlu-light          Carnival
 13 HDII    -12 +198 2027-06     +0%   -92%   3.5   8.1  GC,tPlu-light                Hypertension Diagnos
 14 IGTAU  +111 +130 2027-07    -82%   -82%   1.0   2.8  young                        Inception Growth Acq
 15 NRSN   +111 +130 2027-07    -66%   -84%   1.0   2.8  young                        Neurosense Therapeut

======================================================================================================================================================
BEARISH 3-MONTH — top 15 by astro-decay x price-elevation (short/avoid candidates)
======================================================================================================================================================
  # Tkr      Now    -Δ LowMo      pr12    fHi SatR  Name
  1 EDIT   +263 -209 2026-11    +24%   -71%    Y  EDIT
  2 CEG    +262 -207 2026-11    -14%   -32%    Y  CEG
  3 APH    +149 -137 2026-11    +42%   -12%    Y  Amphenol
  4 APEI   +142 -119 2026-11    +52%   -26%    Y  American Public Educatio
  5 HIT    +173 -134 2026-11    -68%   -86%    Y  Health in Tech, Inc
  6 TDACU  +173 -134 2026-11    +21%   -27%    Y  Translational Developmen
  7 CAMT   +207 -129 2026-09    +81%   -27%       Camtek Ltd
  8 BLK    +278 -122 2026-11     +3%    -4%    Y  BlackRock
  9 ENSG   +142 -119 2026-11     +9%   -15%    Y  Ensign Group Inc
 10 PLTR   +228 -114 2026-10    +11%   -15%    Y  Palantir Technologies
 11 ROL    +271 -113 2026-11    -37%   -45%    Y  Rollins, Inc.
 12 ROST   +180  -90 2026-11    +59%    -8%    Y  Ross Stores
 13 LUNR   +178  -90 2026-10   +113%   -59%       LUNR
 14 AMAT   +207  -88 2026-11   +206%   -31%       Applied Materials
 15 VLTO   +218 -105 2026-11     -7%   -12%    Y  Veralto

======================================================================================================================================================
BEARISH 6-MONTH — top 15 by astro-decay x price-elevation (short/avoid candidates)
======================================================================================================================================================
  # Tkr      Now    -Δ LowMo      pr12    fHi SatR  Name
  1 CEG    +262 -228 2027-01    -14%   -32%    Y  CEG
  2 EDIT   +263 -217 2027-01    +24%   -71%    Y  EDIT
  3 AMAT   +207 -139 2027-02   +206%   -31%       Applied Materials
  4 ROL    +271 -159 2026-12    -37%   -45%    Y  Rollins, Inc.
  5 IONQ   +237 -149 2027-02    +18%   -47%    Y  IONQ
  6 BLK    +278 -145 2026-12     +3%    -4%    Y  BlackRock
  7 OKE    +226 -163 2027-02    +31%   -18%       Oneok
  8 IRM    +256 -130 2026-12    +33%    -8%    Y  Iron Mountain
  9 ULBI   +181 -151 2027-02     +5%   -47%       Ultralife Batteries, Inc
 10 HIT    +173 -123 2027-02    -68%   -86%    Y  Health in Tech, Inc
 11 TDACU  +173 -123 2027-02    +21%   -27%    Y  Translational Developmen
 12 GENZ   +236 -140 2027-01    -12%   -16%       Genzyme
 13 PNR    +214 -113 2027-02    -39%   -42%    Y  Pentair
 14 PLTR   +228 -112 2026-12    +11%   -15%    Y  Palantir Technologies
 15 AVAV   +224 -134 2027-02    -27%   -58%       AVAV

======================================================================================================================================================
BEARISH 12-MONTH — top 15 by astro-decay x price-elevation (short/avoid candidates)
======================================================================================================================================================
  # Tkr      Now    -Δ LowMo      pr12    fHi SatR  Name
  1 ROL    +271 -202 2027-04    -37%   -45%    Y  Rollins, Inc.
  2 IONQ   +237 -187 2027-04    +18%   -47%    Y  IONQ
  3 FLUT   +261 -222 2027-04    -66%   -68%       FLUT
  4 BLK    +278 -180 2027-08     +3%    -4%    Y  BlackRock
  5 AVAV   +224 -214 2027-08    -27%   -58%       AVAV
  6 ZTS    +264 -172 2027-07    -51%   -62%    Y  Zoetis
  7 CNBB   +259 -193 2027-05    +23%    -1%       CNB Inc, Lake City, Flor
  8 DT     +236 -189 2027-05     +1%   -21%       Dynatrace Inc
  9 GENZ   +236 -187 2027-08    -12%   -16%       Genzyme
 10 CSPI   +252 -183 2027-05    -33%   -73%       CSP INC
 11 SNOW   +196 -122 2027-07    +69%    -4%    Y  Intrawest Resorts Holdin
 12 GERN   +259 -176 2027-04    +11%   -69%       Geron
 13 PLTR   +228 -144 2027-06    +11%   -15%    Y  Palantir Technologies
 14 PNR    +214 -144 2027-04    -39%   -42%    Y  Pentair
 15 RKLB   +137 -115 2027-06    +85%   -50%    Y  RKLB

================================================================================================================================================================
CULT / EXPLOSIVE SHORTLIST — top 20 by composite (cult signatures x forward build x washout)
================================================================================================================================================================
  # Tkr    Age   Now bestΔ   pr12    fHi  Cult   Expl  Tags / Name
  1 DUOL     5 +153 +113   -57%   -73%   6.5   17.1  NePl-sxt,tPlu-light,tNep-light,young     Duolingo Inc
  2 MSS      3 +168 +113   -96%   -98%   6.0   15.8  NePl-sxt,GC,tNep-light,young             Maison Solutions I
  3 RDDT     2 +182  +52   -34%   -44%   8.0   14.0  AVIS,GC,tNep-light,young,Silas-JupReact  RDDT
  4 BAOS     5  +64 +221   -81%   -93%   3.5   13.0  Stell,young,Silas-JupReact               Baosheng Media Gro
  5 TEM      2  +78 +153   -16%   -41%   5.5   12.8  NePl-sxt,GC,young,Silas-JupReact         TEM
  6 PEG     77  +46 +105   -11%   -20%   6.5   12.7  NePl-sxt,GC,tPlu-light,Silas-JupReact    Public Service Ent
  7 CJMB     1 +117 +145   -50%   -61%   4.0   11.8  GC,young,Silas-JupReact                  Callan JMB INC.
  8 HCAI     1 +117 +145   -73%   -98%   4.0   11.8  GC,young,Silas-JupReact                  Huachen AI Parking
  9 KKR      2 +123  +41   -21%   -34%   8.0   11.7  NePl-sxt,GC,tPlu-light,tNep-light,young  KKR & Co.
 10 MRT     20 +103 +149   -21%   -48%   5.0   11.4  AVIS,GC,Silas-JupReact                   Morton's Restauran
 11 KVYO     3  +74  +87   -42%   -63%   5.5   11.3  NePl-sxt,GC,young,Silas-JupReact         Klaviyo, Inc.
 12 OKLO     2  +81  +87   -34%   -75%   5.5   11.3  NePl-sxt,GC,young,Silas-JupReact         OKLO
 13 FICO     3  +85  +91   -16%   -51%   6.0   11.1  AVIS,GC,young,Silas-JupReact             Fair Isaac
 14 AEP     77  +46 +105   +12%    -9%   6.5   11.1  NePl-sxt,GC,tPlu-light,Silas-JupReact    American Electric 
 15 SO      77  +46 +105    -2%    -8%   6.5   11.1  NePl-sxt,GC,tPlu-light,Silas-JupReact    Southern Company
 16 NNE      2  +89  +46   -35%   -66%   6.5   11.0  NePl-sxt,GC,Stell,young,Silas-JupReact   NNE
 17 MGAM     4 +166  +34  -100%  -100%   6.0   11.0  NePl-sxt,GC,tPlu-light,young             Mobile Global Espo
 18 CSPI    44 +252  +59   -33%   -73%   6.0   10.9  NePl-sxt,GC,Stell,tNep-light             CSP INC
 19 BR      38 +160  +95   -33%   -34%   5.0   10.6  UrPl-sept,NePl-sxt,GC                    Broadridge Financi
 20 INGM     2  +79 +112   +40%   -14%   6.0   10.5  NePl-sxt,GC,tPlu-light,young             INGM

Exported -> data/master_scan_aug2026.csv
