Building eclipse DB...
Universe: 388
  100/388 1s
  200/388 1s
  300/388 2s
Scored 378 alive names

======================================================================================================================================================
BULLISH 3-MONTH — top 15 by Δ x washout
======================================================================================================================================================
  # Tkr      Now     Δ PkMo       pr12    fHi  Cult  Expl  Tags / Name
  1 KSCP    +86 +177 2026-10    -82%   -97%   1.0   3.3  young                        Knightscope, Inc.
  2 JELD    +81 +164 2026-12    -64%   -91%   3.5  11.0  GC,tPlu-light                JELD-WEN Holding Inc
  3 DUOL    +92 +157 2026-12    -51%   -73%   6.5  21.1  NePl-sxt,tPlu-light,tNep-light,young Duolingo Inc
  4 CHNR    +89 +185 2026-12    -26%   -87%   3.5   9.0  NePl-sxt,tNep-light          CHEMINEER
  5 NBP     +84 +136 2026-11    -61%   -77%   2.0   5.7  tNep-light                   Northern Border Part
  6 PAXS    +86 +177 2026-10    -19%   -24%   1.0   2.5  young                        PIMCO Access Income 
  7 BLV     +93 +198 2026-12     -9%   -16%   1.5   3.5  GC                           Belvedere
  8 CAMT    +78 +196 2026-10    +38%   -30%   4.0   9.2  tPlu-light,tNep-light        Camtek Ltd
  9 TXO     +44 +189 2026-11     +2%   -37%   1.0   2.3  young                        TXO Energy Partners 
 10 ARI     +67 +140 2026-11    -40%   -47%   3.5   8.8  GC,tNep-light                Apollo Coml RE Fin I
 11 APSI    +84 +136 2026-11    -39%   -78%   2.0   5.0  tNep-light                   APS Holding
 12 CRDO    +86 +177 2026-10    +18%   -37%   1.0   2.2  young                        Credo Technology Gro
 13 MGAM    +83 +116 2026-10   -100%  -100%   4.0  10.6  NePl-sxt,GC,young            Mobile Global Esport
 14 OFAL    +85 +111 2026-11    -95%   -99%   4.0  10.4  NePl-sxt,GC,young            OFA Group
 15 PDO     +95 +135 2026-12    -16%   -18%   2.0   4.4  Stell,young                  Pimco Dynamic Income

======================================================================================================================================================
BULLISH 6-MONTH — top 15 by Δ x washout
======================================================================================================================================================
  # Tkr      Now     Δ PkMo       pr12    fHi  Cult  Expl  Tags / Name
  1 DUOL    +92 +175 2027-01    -51%   -73%   6.5  21.1  NePl-sxt,tPlu-light,tNep-light,young Duolingo Inc
  2 GEVO    +97 +187 2027-02    -28%   -55%   3.0   7.7  GC,Silas-JupReact            Gevo Inc
  3 KSCP    +86 +142 2027-02    -82%   -97%   1.0   3.3  young                        Knightscope, Inc.
  4 INN     +97 +187 2027-02     -1%   -21%   3.0   6.7  GC,Silas-JupReact            Summit Hotel Propert
  5 CAMT    +78 +174 2027-01    +38%   -30%   4.0   9.2  tPlu-light,tNep-light        Camtek Ltd
  6 BAOS   +147 +110 2027-02    -92%   -96%   3.5  10.1  Stell,young,Silas-JupReact   Baosheng Media Group
  7 OFAL    +85 +109 2027-01    -95%   -99%   4.0  10.4  NePl-sxt,GC,young            OFA Group
  8 PAXS    +86 +142 2027-02    -19%   -24%   1.0   2.5  young                        PIMCO Access Income 
  9 MGAM    +83 +109 2027-02   -100%  -100%   4.0  10.6  NePl-sxt,GC,young            Mobile Global Esport
 10 ROCK    +87 +122 2027-03    -32%   -52%   3.0   7.1  UrPl-sept,Stell              Gibraltar Steel Corp
 11 WBD     +83 +155 2027-01    +57%    -0%   1.5   3.0  Silas-JupReact               Warner Bros. Discove
 12 TXO     +44 +146 2027-01     +2%   -37%   1.0   2.3  young                        TXO Energy Partners 
 13 CRDO    +86 +142 2027-02    +18%   -37%   1.0   2.2  young                        Credo Technology Gro
 14 JELD    +81  +94 2027-01    -64%   -91%   3.5  11.0  GC,tPlu-light                JELD-WEN Holding Inc
 15 YMAT   +160  +94 2027-03    -82%   -96%   2.5   6.1  NePl-sxt,young               J-Star Holding Co., 

======================================================================================================================================================
BULLISH 12-MONTH — top 15 by Δ x washout
======================================================================================================================================================
  # Tkr      Now     Δ PkMo       pr12    fHi  Cult  Expl  Tags / Name
  1 HDII    +55 +176 2027-09    -50%   -92%   3.5  11.4  GC,tPlu-light                Hypertension Diagnos
  2 CNEY    +98 +174 2027-07    -78%   -99%   2.0   6.5  Stell,young                  CN Energy Group Inc
  3 VOR     +98 +174 2027-07    -36%   -65%   2.0   5.6  Stell,young                  Vor Biopharma Inc
  4 RYAN    +63 +173 2027-09    -32%   -51%   2.5   7.0  NePl-sxt,young               Ryan Specialty Group
  5 CJMB   +113 +149 2027-07    -57%   -66%   4.0  12.0  GC,young,Silas-JupReact      Callan JMB INC.
  6 HCAI   +113 +149 2027-07    -97%  -100%   4.0  12.0  GC,young,Silas-JupReact      Huachen AI Parking M
  7 CCI     +98 +186 2027-08    -24%   -41%   1.5   3.9  GC                           Crown Castle
  8 RGTI    -23 +163 2027-09    -49%   -71%   3.5   9.5  Stell,young,Silas-JupReact   RGTI
  9 BAOS   +147 +138 2027-04    -92%   -96%   3.5  10.1  Stell,young,Silas-JupReact   Baosheng Media Group
 10 BOLT    +98 +174 2027-07    -30%   -87%   2.0   5.0  Stell,young                  Bolt Biotherapeutics
 11 ROCLF   +92 +180 2027-04     +0%    +0%   1.5   3.3  UrPl-sxt                     Royal Olympic Cruise
 12 SE     +108 +137 2027-08    -45%   -48%   0.0   0.0                               SE
 13 PHVS    +98 +174 2027-07    +34%   -14%   2.0   4.3  Stell,young                  Pharvaris BV
 14 PLUT   +113 +149 2027-07    -23%   -42%   4.0   9.2  GC,young,Silas-JupReact      Plutus Financial Gro
 15 RL     +131 +170 2027-06    +10%   -17%   0.0   0.0                               RL

======================================================================================================================================================
BEARISH 3-MONTH — top 15 by astro-decay x price-elevation (short/avoid candidates)
======================================================================================================================================================
  # Tkr      Now    -Δ LowMo      pr12    fHi SatR  Name
  1 ROKU   +242 -133 2026-12    +55%    -4%    Y  Roku Inc
  2 CEG    +206 -152 2026-11    -22%   -35%    Y  CEG
  3 TXN    +220 -125 2026-12    +48%   -19%       Texas Instruments
  4 MANU   +153 -121 2026-12    +34%   -16%    Y  Manchester United PLC
  5 APEI   +143 -120 2026-11    +11%   -33%    Y  American Public Educatio
  6 ENSG   +143 -120 2026-11     +5%   -19%    Y  Ensign Group Inc
  7 NRSN   +219  -92 2026-12   +463%    -1%       Neurosense Therapeutics 
  8 ICE    +164 -127 2026-11     -7%   -17%       Intercontinental Exchang
  9 SATL   +181  -83 2026-10    +50%   -48%    Y  Satellite Auction Networ
 10 ROL    +214 -103 2026-12    -41%   -50%    Y  Rollins, Inc.
 11 IONQ   +208 -101 2026-12    -43%   -48%    Y  IONQ
 12 CI     +230 -101 2026-11     -7%   -26%    Y  Cigna
 13 SWKS   +211 -118 2026-12    +11%   -25%       Skyworks Solutions
 14 MELI   +175  -95 2026-11    -27%   -31%    Y  MELI
 15 CVNA   +185 -114 2026-11    -16%   -33%       Carvana

======================================================================================================================================================
BEARISH 6-MONTH — top 15 by astro-decay x price-elevation (short/avoid candidates)
======================================================================================================================================================
  # Tkr      Now    -Δ LowMo      pr12    fHi SatR  Name
  1 NRSN   +219 -139 2027-03   +463%    -1%       Neurosense Therapeutics 
  2 CEG    +206 -173 2027-01    -22%   -35%    Y  CEG
  3 RLYB   +215 -129 2027-03   +256%   -30%       Rallybio Corp
  4 ETV    +189 -156 2027-03     +8%    -1%    Y  Eaton Vance Tax-Man Buy-
  5 PUBM   +200  -97 2027-03   +109%   -27%    Y  PubMatic Inc
  6 RSKD   +215 -129 2027-03    +47%    -0%       Riskified Ltd
  7 ROKU   +242 -106 2027-03    +55%    -4%    Y  Roku Inc
  8 GENZ   +249 -153 2027-01    -18%   -21%       Genzyme
  9 AFB    +191 -148 2027-03     -9%   -17%       Alliance National Munici
 10 SYNA   +191 -148 2027-03    +37%   -34%       Synaptics Inc
 11 TXN    +220 -118 2027-01    +48%   -19%       Texas Instruments
 12 MAA    +179 -145 2027-03    -16%   -30%       Mid-America Apartment Co
 13 IONQ   +208 -120 2027-02    -43%   -48%    Y  IONQ
 14 IGTAU  +219 -139 2027-03    -82%   -82%       Inception Growth Acquisi
 15 NU     +219 -139 2027-03    -14%   -26%       Nu Holdings Ltd

======================================================================================================================================================
BEARISH 12-MONTH — top 15 by astro-decay x price-elevation (short/avoid candidates)
======================================================================================================================================================
  # Tkr      Now    -Δ LowMo      pr12    fHi SatR  Name
  1 ROKU   +242 -191 2027-07    +55%    -4%    Y  Roku Inc
  2 ZIM    +195 -156 2027-04   +110%    -1%       Zim Integrated Shipping 
  3 FIX    +175 -118 2027-09   +102%   -22%    Y  Comfort Systems USA
  4 AVAV   +216 -205 2027-08    -47%   -61%       AVAV
  5 GENZ   +249 -200 2027-08    -18%   -21%       Genzyme
  6 SNOW   +204 -129 2027-07    +51%    -5%    Y  Intrawest Resorts Holdin
  7 NMSCA  +168 -127 2027-04   +200%   -70%       Nutrition Management Ser
  8 IONQ   +208 -158 2027-04    -43%   -48%    Y  IONQ
  9 TXN    +220 -146 2027-08    +48%   -19%       Texas Instruments
 10 CI     +230 -152 2027-06     -7%   -26%    Y  Cigna
 11 GNRC   +237 -182 2027-09    +23%   -31%       Generac
 12 ETV    +189 -148 2027-07     +8%    -1%    Y  Eaton Vance Tax-Man Buy-
 13 DFH    +188 -176 2027-07    -56%   -73%       Dream Finders Homes Inc
 14 HIMS   +188 -176 2027-07    -48%   -57%       HIMS
 15 SATL   +181 -117 2027-06    +50%   -48%    Y  Satellite Auction Networ

================================================================================================================================================================
CULT / EXPLOSIVE SHORTLIST — top 20 by composite (cult signatures x forward build x washout)
================================================================================================================================================================
  # Tkr    Age   Now bestΔ   pr12    fHi  Cult   Expl  Tags / Name
  1 DUOL     5  +92 +175   -51%   -73%   6.5   21.1  NePl-sxt,tPlu-light,tNep-light,young     Duolingo Inc
  2 MSS      3 +197  +84   -95%   -98%   6.0   14.1  NePl-sxt,GC,tNep-light,young             Maison Solutions I
  3 RDDT     2 +194  +41   -37%   -44%   8.0   13.2  AVIS,GC,tNep-light,young,Silas-JupReact  RDDT
  4 KVYO     3  +72  +89   -53%   -66%   5.5   13.2  NePl-sxt,GC,young,Silas-JupReact         Klaviyo, Inc.
  5 CJMB     1 +113 +149   -57%   -66%   4.0   12.0  GC,young,Silas-JupReact                  Callan JMB INC.
  6 HCAI     1 +113 +149   -97%  -100%   4.0   12.0  GC,young,Silas-JupReact                  Huachen AI Parking
  7 OKLO     2 +105  +63   -72%   -77%   5.5   11.7  NePl-sxt,GC,young,Silas-JupReact         OKLO
  8 WAY      2 +280  +29   -34%   -45%   7.5   11.7  NePl-sxt,GC,tNep-light,young,Silas-JupReact Waystar Holding Co
  9 NNE      2 +109  +26   -63%   -70%   6.5   11.4  NePl-sxt,GC,Stell,young,Silas-JupReact   NNE
 10 HDII    28  +55 +176   -50%   -92%   3.5   11.4  GC,tPlu-light                            Hypertension Diagn
 11 CSPI    44 +243  +68   -40%   -73%   6.0   11.3  NePl-sxt,GC,Stell,tNep-light             CSP INC
 12 KKR      2 +100  +65   -34%   -42%   6.0   11.2  NePl-sxt,GC,tNep-light,young             KKR & Co.
 13 BR      38 +148 +107   -31%   -38%   5.0   11.1  UrPl-sept,NePl-sxt,GC                    Broadridge Financi
 14 ERIE     2  +91  +92   -28%   -58%   6.0   11.1  NePl-sxt,GC,tNep-light,young             Erie Indemnity
 15 JELD     9  +81 +164   -64%   -91%   3.5   11.0  GC,tPlu-light                            JELD-WEN Holding I
 16 MRT     20 +116 +136   -13%   -47%   5.0   10.9  AVIS,GC,Silas-JupReact                   Morton's Restauran
 17 FICO     3 +121  +56   -43%   -63%   6.0   10.7  AVIS,GC,young,Silas-JupReact             Fair Isaac
 18 MGAM     4  +83 +116  -100%  -100%   4.0   10.6  NePl-sxt,GC,young                        Mobile Global Espo
 19 TEM      2  +92 +139    -8%   -25%   5.5   10.6  NePl-sxt,GC,young,Silas-JupReact         TEM
 20 OFAL     1  +85 +111   -95%   -99%   4.0   10.4  NePl-sxt,GC,young                        OFA Group

Exported -> data/master_scan_sep23_2026.csv
