Building eclipse DB...
Universe: 388
  100/388 1s
  200/388 2s
  300/388 2s
Scored 385 alive names

======================================================================================================================================================
BULLISH 3-MONTH — top 15 by Δ x washout
======================================================================================================================================================
  # Tkr      Now     Δ PkMo       pr12    fHi  Cult  Expl  Tags / Name
  1 RCON    +63 +207 2026-10    -84%   -99%   3.5  12.5  GC,tPlu-light                Recon Technology Ltd
  2 MTEK    +27 +206 2026-10    -69%   -83%   3.5  12.5  NePl-sxt,tPlu-light          Monitek Technologies
  3 FLUT    +60 +201 2026-08    -64%   -67%   2.5   8.8  GC,young                     FLUT
  4 PRGS    +20 +220 2026-10    -47%   -52%   5.5  17.7  UrPl-sept,NePl-sxt,tPlu-light Progress Software
  5 NCEL    +41 +191 2026-10    -87%   -99%   3.5  11.9  NePl-sxt,tPlu-light          Nationwide Cellular 
  6 RXST    +21 +188 2026-10    -63%   -93%   2.5   9.0  NePl-sxt,young               RxSight Inc
  7 VERX   +102 +171 2026-10    -68%   -81%   3.5  11.9  NePl-sxt,tPlu-light          Vertex Inc
  8 ACRU    +49 +166 2026-10    -99%  -100%   2.0   6.9  tPlu-light                   Accrue Software Inc
  9 INAB    +21 +188 2026-10    -33%   -99%   2.5   7.8  NePl-sxt,young               IN8BIO Inc
 10 CSPI    +91 +184 2026-10    -39%   -72%   6.0  19.3  NePl-sxt,GC,Stell,tNep-light CSP INC
 11 NTGR    +48 +208 2026-10    -20%   -35%   2.0   5.5  tPlu-light                   NETGEAR Inc
 12 KSCP   +104 +159 2026-10    -57%   -98%   1.0   3.1  young                        Knightscope, Inc.
 13 PMT     +63 +207 2026-10    -12%   -29%   3.5   9.6  GC,tPlu-light                Pennymac Mtg Invest 
 14 ANVS    +74 +201 2026-10    -14%   -92%   1.0   2.8  Stell                        Annovis Bio Inc
 15 GERN    +28 +231 2026-08     -9%   -75%   1.5   3.8  UrPl-sxt                     Geron

======================================================================================================================================================
BULLISH 6-MONTH — top 15 by Δ x washout
======================================================================================================================================================
  # Tkr      Now     Δ PkMo       pr12    fHi  Cult  Expl  Tags / Name
  1 RXST    +21 +195 2027-01    -63%   -93%   2.5   9.0  NePl-sxt,young               RxSight Inc
  2 CSPI    +91 +220 2026-12    -39%   -72%   6.0  19.3  NePl-sxt,GC,Stell,tNep-light CSP INC
  3 JELD    +64 +181 2026-12    -62%   -93%   3.5  11.6  GC,tPlu-light                JELD-WEN Holding Inc
  4 MTEK    +27 +175 2026-12    -69%   -83%   3.5  12.5  NePl-sxt,tPlu-light          Monitek Technologies
  5 RCON    +63 +172 2026-11    -84%   -99%   3.5  12.5  GC,tPlu-light                Recon Technology Ltd
  6 INAB    +21 +195 2027-01    -33%   -99%   2.5   7.8  NePl-sxt,young               IN8BIO Inc
  7 FLUT    +60 +168 2027-01    -64%   -67%   2.5   8.8  GC,young                     FLUT
  8 ANVS    +74 +216 2026-12    -14%   -92%   1.0   2.8  Stell                        Annovis Bio Inc
  9 LAND    +55 +211 2026-11    -16%   -58%   0.0   0.0                               Gladstone Land Corp
 10 QNTM    +44 +162 2026-11    -82%   -97%   3.0   9.3  NePl-sxt,GC                  QUANTUM CORP
 11 VERX   +102 +157 2027-01    -68%   -81%   3.5  11.9  NePl-sxt,tPlu-light          Vertex Inc
 12 KSCP   +104 +157 2026-11    -57%   -98%   1.0   3.1  young                        Knightscope, Inc.
 13 NCEL    +41 +156 2026-12    -87%   -99%   3.5  11.9  NePl-sxt,tPlu-light          Nationwide Cellular 
 14 MATX    +28 +226 2026-12    +73%    -5%   2.0   5.0  UrPl-sept                    Matrix Pharmaceutica
 15 TXO     +39 +194 2026-11    -17%   -49%   3.0   7.9  tPlu-light,young             TXO Energy Partners 

======================================================================================================================================================
BULLISH 12-MONTH — top 15 by Δ x washout
======================================================================================================================================================
  # Tkr      Now     Δ PkMo       pr12    fHi  Cult  Expl  Tags / Name
  1 RXST    +21 +211 2027-03    -63%   -93%   2.5   9.0  NePl-sxt,young               RxSight Inc
  2 CNEY    +64 +209 2027-07    -83%  -100%   2.0   7.2  Stell,young                  CN Energy Group Inc
  3 ACRU    +49 +196 2027-02    -99%  -100%   2.0   6.9  tPlu-light                   Accrue Software Inc
  4 VERX   +102 +190 2027-02    -68%   -81%   3.5  11.9  NePl-sxt,tPlu-light          Vertex Inc
  5 MAXI    +50 +186 2027-07    -72%   -77%   3.0  10.1  NePl-sxt,GC                  MAXICARE HEALTH
  6 INAB    +21 +211 2027-03    -33%   -99%   2.5   7.8  NePl-sxt,young               IN8BIO Inc
  7 BOLT    +64 +209 2027-07    -33%   -90%   2.0   6.2  Stell,young                  Bolt Biotherapeutics
  8 VOR     +64 +209 2027-07    -43%   -87%   2.0   6.2  Stell,young                  Vor Biopharma Inc
  9 MTEK    +27 +175 2027-02    -69%   -83%   3.5  12.5  NePl-sxt,tPlu-light          Monitek Technologies
 10 MSS    +107 +175 2027-02    -92%  -100%   4.0  13.0  NePl-sxt,GC,young            Maison Solutions Inc
 11 IGTAU   +71 +171 2027-07    -82%   -82%   1.0   3.2  young                        Inception Growth Acq
 12 NRSN    +71 +171 2027-07    -62%   -71%   1.0   3.2  young                        Neurosense Therapeut
 13 TEAM    +79 +168 2027-07    -62%   -76%   0.0   0.0                               Atlassian Corp PLC
 14 CJMB    +94 +168 2027-07    -84%   -87%   4.0  12.7  GC,young,Silas-JupReact      Callan JMB INC.
 15 HCAI    +94 +168 2027-07    -66%   -97%   4.0  12.7  GC,young,Silas-JupReact      Huachen AI Parking M

======================================================================================================================================================
BEARISH 3-MONTH — top 15 by astro-decay x price-elevation (short/avoid candidates)
======================================================================================================================================================
  # Tkr      Now    -Δ LowMo      pr12    fHi SatR  Name
  1 CEG    +276 -218 2026-10    -23%   -39%    Y  CEG
  2 EDIT   +262 -167 2026-10    +47%   -72%    Y  EDIT
  3 GDX    +209 -102 2026-10    +45%   -35%    Y  GDX
  4 LUNR   +208 -119 2026-10    +97%   -74%       LUNR
  5 BIRK   +235 -147 2026-10    -13%   -32%       BIRK
  6 RKLB   +178  -77 2026-10   +184%   -32%    Y  RKLB
  7 NBIS   +186  -89 2026-10   +399%    -4%       NBIS
  8 NIO    +176  -99 2026-10    +48%   -67%       NIO
  9 SEDG   +251  -79 2026-09   +186%   -83%       SEDG
 10 RGTI    +55  -78 2026-09    +63%   -66%       RGTI
 11 KGC    +103  -76 2026-09    +51%   -38%       KGC
 12 ROOT   +203  -92 2026-08    -56%   -69%       ROOT
 13 RBRK   +202  -91 2026-09    -10%   -20%       RBRK
 14 AIZ    +150  -76 2026-08    +36%    +0%    Y  Assurant
 15 VST    +161  -90 2026-10    -18%   -27%       VST

======================================================================================================================================================
BEARISH 6-MONTH — top 15 by astro-decay x price-elevation (short/avoid candidates)
======================================================================================================================================================
  # Tkr      Now    -Δ LowMo      pr12    fHi SatR  Name
  1 EDIT   +262 -216 2027-01    +47%   -72%    Y  EDIT
  2 CEG    +276 -242 2027-01    -23%   -39%    Y  CEG
  3 AIZ    +150 -134 2027-01    +36%    +0%    Y  Assurant
  4 PLUG   +143  -98 2026-12    +82%   -85%    Y  PLUG
  5 RKLB   +178  -79 2027-01   +184%   -32%    Y  RKLB
  6 GDX    +209  -84 2027-01    +45%   -35%    Y  GDX
  7 PENN   +176 -109 2027-01    +20%   -40%       PENN
  8 LUNR   +208  -76 2026-11    +97%   -74%       LUNR
  9 RL     +180  -75 2027-01    +46%    -3%       RL
 10 EMR    +129  -76 2027-01     +7%   -11%    Y  Emerson Electric
 11 MCK    +164  -91 2027-01     +3%   -24%       McKesson Corporation
 12 BKR    +170  -70 2027-01    +45%   -20%       Baker Hughes
 13 EW     +104  -73 2027-01    +16%    -5%    Y  Edwards Lifesciences
 14 SEDG   +251  -58 2026-12   +186%   -83%       SEDG
 15 WMB    +175  -70 2027-01    +18%    -6%    Y  Williams Companies

======================================================================================================================================================
BEARISH 12-MONTH — top 15 by astro-decay x price-elevation (short/avoid candidates)
======================================================================================================================================================
  # Tkr      Now    -Δ LowMo      pr12    fHi SatR  Name
  1 EDIT   +262 -205 2027-02    +47%   -72%    Y  EDIT
  2 RKLB   +178 -157 2027-06   +184%   -32%    Y  RKLB
  3 CEG    +276 -155 2027-02    -23%   -39%    Y  CEG
  4 AVAV   +214 -179 2027-06    -42%   -60%       AVAV
  5 NBIS   +186  -96 2027-02   +399%    -4%       NBIS
  6 ROOT   +203 -143 2027-06    -56%   -69%       ROOT
  7 ROKU   +146  -95 2027-07    +57%    -4%    Y  Roku Inc
  8 S      +191 -119 2027-07     -7%   -43%    Y  S
  9 WMB    +175 -117 2027-02    +18%    -6%    Y  Williams Companies
 10 STLD   +151 -112 2027-05    +79%   -19%       Steel Dynamics
 11 GDX    +209  -92 2027-02    +45%   -35%    Y  GDX
 12 SEDG   +251  -85 2027-02   +186%   -83%       SEDG
 13 ZTS    +195 -103 2027-07    -54%   -64%    Y  Zoetis
 14 EOG    +153 -100 2027-05     +8%   -13%    Y  EOG Resources
 15 AIZ    +150 -100 2027-02    +36%    +0%    Y  Assurant

================================================================================================================================================================
CULT / EXPLOSIVE SHORTLIST — top 20 by composite (cult signatures x forward build x washout)
================================================================================================================================================================
  # Tkr    Age   Now bestΔ   pr12    fHi  Cult   Expl  Tags / Name
  1 CSPI    44  +91 +220   -39%   -72%   6.0   19.3  NePl-sxt,GC,Stell,tNep-light             CSP INC
  2 DUOL     5 +142 +125   -72%   -79%   6.5   17.9  NePl-sxt,tPlu-light,tNep-light,young     Duolingo Inc
  3 PRGS    35  +20 +220   -47%   -52%   5.5   17.7  UrPl-sept,NePl-sxt,tPlu-light            Progress Software
  4 MGAM     4  +56 +143   -98%  -100%   6.0   17.6  NePl-sxt,GC,tPlu-light,young             Mobile Global Espo
  5 KKR      2  +67  +97   -31%   -45%   8.0   17.1  NePl-sxt,GC,tPlu-light,tNep-light,young  KKR & Co.
  6 WAY      2 +130 +179   -50%   -55%   5.5   15.7  NePl-sxt,GC,young,Silas-JupReact         Waystar Holding Co
  7 MRT     20  +89 +162   -57%   -91%   5.0   15.6  AVIS,GC,Silas-JupReact                   Morton's Restauran
  8 KVYO     3  +45 +116   -55%   -69%   5.5   14.6  NePl-sxt,GC,young,Silas-JupReact         Klaviyo, Inc.
  9 RDDT     2 +125 +109   +15%   -36%   8.0   13.8  AVIS,GC,tNep-light,young,Silas-JupReact  RDDT
 10 FICO     3  +75 +102   -35%   -50%   6.0   13.1  AVIS,GC,young,Silas-JupReact             Fair Isaac
 11 MSS      3 +107 +175   -92%  -100%   4.0   13.0  NePl-sxt,GC,young                        Maison Solutions I
 12 CJMB     1  +94 +168   -84%   -87%   4.0   12.7  GC,young,Silas-JupReact                  Callan JMB INC.
 13 HCAI     1  +94 +168   -66%   -97%   4.0   12.7  GC,young,Silas-JupReact                  Huachen AI Parking
 14 RCON    17  +63 +207   -84%   -99%   3.5   12.5  GC,tPlu-light                            Recon Technology L
 15 MTEK    39  +27 +206   -69%   -83%   3.5   12.5  NePl-sxt,tPlu-light                      Monitek Technologi
 16 AEP     77  +16 +135   +32%    -1%   6.5   12.3  NePl-sxt,GC,tPlu-light,Silas-JupReact    American Electric 
 17 PEG     77  +16 +135    -4%   -14%   6.5   12.3  NePl-sxt,GC,tPlu-light,Silas-JupReact    Public Service Ent
 18 SO      77  +16 +135    +4%    -4%   6.5   12.3  NePl-sxt,GC,tPlu-light,Silas-JupReact    Southern Company
 19 SSET    39 +102 +156   -44%   -70%   4.5   11.9  NePl-sxt,GC,Silas-JupReact               SSE Telecom
 20 NCEL    40  +41 +191   -87%   -99%   3.5   11.9  NePl-sxt,tPlu-light                      Nationwide Cellula

Exported -> data/master_scan_jul2026.csv
