Building eclipse DB...
Universe: 388
  100/388 0s
  200/388 1s
  300/388 1s
Scored 379 alive names

======================================================================================================================================================
BULLISH 3-MONTH — top 15 by Δ x washout
======================================================================================================================================================
  # Tkr      Now     Δ PkMo       pr12    fHi  Cult  Expl  Tags / Name
  1 KSCP    +86 +177 2026-10    -74%   -96%   1.0   3.3  young                        Knightscope, Inc.
  2 JELD    +81 +164 2026-12    -67%   -90%   3.5  11.0  GC,tPlu-light                JELD-WEN Holding Inc
  3 CHNR    +89 +185 2026-12    -23%   -86%   3.5   9.0  NePl-sxt,tNep-light          CHEMINEER
  4 DUOL    +92 +157 2026-12    -49%   -73%   6.5  18.3  NePl-sxt,tPlu-light,tNep-light,young Duolingo Inc
  5 NBP     +84 +136 2026-11    -60%   -74%   2.0   5.7  tNep-light                   Northern Border Part
  6 APSI    +84 +136 2026-11    -72%   -88%   2.0   5.7  tNep-light                   APS Holding
  7 PAXS    +86 +177 2026-10    -14%   -18%   1.0   2.5  young                        PIMCO Access Income 
  8 BLV     +93 +198 2026-12     -8%   -15%   1.5   3.5  GC                           Belvedere
  9 CAMT    +78 +196 2026-10    +79%   -30%   4.0   9.2  tPlu-light,tNep-light        Camtek Ltd
 10 TXO     +44 +189 2026-11    +11%   -33%   1.0   2.3  young                        TXO Energy Partners 
 11 ARI     +67 +140 2026-11    -40%   -44%   3.5   8.8  GC,tNep-light                Apollo Coml RE Fin I
 12 CRDO    +86 +177 2026-10     -1%   -46%   1.0   2.2  young                        Credo Technology Gro
 13 MGAM    +83 +116 2026-10   -100%  -100%   4.0  10.6  NePl-sxt,GC,young            Mobile Global Esport
 14 POLR    +44 +171 2026-12     +0%   -75%   3.0   6.4  NePl-sxt,GC                  POLYMERIC RESOURCES
 15 OFAL    +85 +111 2026-11    -95%   -99%   4.0  10.4  NePl-sxt,GC,young            OFA Group

======================================================================================================================================================
BULLISH 6-MONTH — top 15 by Δ x washout
======================================================================================================================================================
  # Tkr      Now     Δ PkMo       pr12    fHi  Cult  Expl  Tags / Name
  1 DUOL    +92 +175 2027-01    -49%   -73%   6.5  18.3  NePl-sxt,tPlu-light,tNep-light,young Duolingo Inc
  2 KSCP    +86 +142 2027-02    -74%   -96%   1.0   3.3  young                        Knightscope, Inc.
  3 GEVO    +97 +187 2027-02     -2%   -52%   3.0   6.7  GC,Silas-JupReact            Gevo Inc
  4 INN     +97 +187 2027-02     -1%   -22%   3.0   6.7  GC,Silas-JupReact            Summit Hotel Propert
  5 CAMT    +78 +174 2027-01    +79%   -30%   4.0   9.2  tPlu-light,tNep-light        Camtek Ltd
  6 BAOS   +147 +110 2027-02    -90%   -96%   3.5  10.1  Stell,young,Silas-JupReact   Baosheng Media Group
  7 OFAL    +85 +109 2027-01    -95%   -99%   4.0  10.4  NePl-sxt,GC,young            OFA Group
  8 PAXS    +86 +142 2027-02    -14%   -18%   1.0   2.5  young                        PIMCO Access Income 
  9 MGAM    +83 +109 2027-02   -100%  -100%   4.0  10.6  NePl-sxt,GC,young            Mobile Global Esport
 10 TXO     +44 +146 2027-01    +11%   -33%   1.0   2.3  young                        TXO Energy Partners 
 11 MSTR   +171  +96 2027-03    -60%   -73%   1.5   3.8  GC                           MSTR
 12 CRDO    +86 +142 2027-02     -1%   -46%   1.0   2.2  young                        Credo Technology Gro
 13 JELD    +81  +94 2027-01    -67%   -90%   3.5  11.0  GC,tPlu-light                JELD-WEN Holding Inc
 14 YMAT   +160  +94 2027-03    -70%   -93%   2.5   6.1  NePl-sxt,young               J-Star Holding Co., 
 15 ITRI    +87 +122 2027-03    -21%   -33%   3.0   6.3  UrPl-sept,Stell              Itron

======================================================================================================================================================
BULLISH 12-MONTH — top 15 by Δ x washout
======================================================================================================================================================
  # Tkr      Now     Δ PkMo       pr12    fHi  Cult  Expl  Tags / Name
  1 CNEY    +98 +174 2027-07    -75%   -99%   2.0   6.5  Stell,young                  CN Energy Group Inc
  2 BOLT    +98 +174 2027-07    -30%   -88%   2.0   5.6  Stell,young                  Bolt Biotherapeutics
  3 VOR     +98 +174 2027-07    -37%   -60%   2.0   5.6  Stell,young                  Vor Biopharma Inc
  4 CJMB   +113 +149 2027-07    -55%   -64%   4.0  12.0  GC,young,Silas-JupReact      Callan JMB INC.
  5 HCAI   +113 +149 2027-07    -87%   -99%   4.0  12.0  GC,young,Silas-JupReact      Huachen AI Parking M
  6 CCI     +98 +186 2027-08    -21%   -38%   1.5   3.9  GC                           Crown Castle
  7 BAOS   +147 +138 2027-04    -90%   -96%   3.5  10.1  Stell,young,Silas-JupReact   Baosheng Media Group
  8 RYAN    +63 +173 2027-09    -23%   -48%   2.5   6.2  NePl-sxt,young               Ryan Specialty Group
  9 MAXI   +106 +131 2027-07    -54%   -63%   3.0   8.4  NePl-sxt,GC                  MAXICARE HEALTH
 10 ROCLF   +92 +180 2027-04     +0%    +0%   1.5   3.3  UrPl-sxt                     Royal Olympic Cruise
 11 SE     +108 +137 2027-08    -44%   -45%   0.0   0.0                               SE
 12 HDII    +55 +176 2027-09     +0%   -92%   3.5   7.6  GC,tPlu-light                Hypertension Diagnos
 13 PHVS    +98 +174 2027-07    +63%    +0%   2.0   4.3  Stell,young                  Pharvaris BV
 14 RL     +131 +170 2027-06     +8%   -19%   0.0   0.0                               RL
 15 SDP     +84 +166 2027-09     -8%   -57%   1.5   3.2  GC                           Sun Distributors

======================================================================================================================================================
BEARISH 3-MONTH — top 15 by astro-decay x price-elevation (short/avoid candidates)
======================================================================================================================================================
  # Tkr      Now    -Δ LowMo      pr12    fHi SatR  Name
  1 ROKU   +242 -133 2026-12    +62%    -3%    Y  Roku Inc
  2 CEG    +206 -152 2026-11    -10%   -29%    Y  CEG
  3 TXN    +220 -125 2026-12    +41%   -22%       Texas Instruments
  4 MANU   +153 -121 2026-12    +21%   -17%    Y  Manchester United PLC
  5 APEI   +143 -120 2026-11    +37%   -26%    Y  American Public Educatio
  6 ENSG   +143 -120 2026-11     +4%   -20%    Y  Ensign Group Inc
  7 PLUG   +132  -87 2026-12    +47%   -55%    Y  PLUG
  8 ICE    +164 -127 2026-11     -9%   -17%       Intercontinental Exchang
  9 SATL   +181  -83 2026-10    +42%   -53%    Y  Satellite Auction Networ
 10 ROL    +214 -103 2026-12    -38%   -47%    Y  Rollins, Inc.
 11 IONQ   +208 -101 2026-12    -13%   -54%    Y  IONQ
 12 CI     +230 -101 2026-11     -7%   -24%    Y  Cigna
 13 SWKS   +211 -118 2026-12    +14%   -31%       Skyworks Solutions
 14 MELI   +175  -95 2026-11    -18%   -26%    Y  MELI
 15 CVNA   +185 -114 2026-11     -3%   -26%       Carvana

======================================================================================================================================================
BEARISH 6-MONTH — top 15 by astro-decay x price-elevation (short/avoid candidates)
======================================================================================================================================================
  # Tkr      Now    -Δ LowMo      pr12    fHi SatR  Name
  1 CEG    +206 -173 2027-01    -10%   -29%    Y  CEG
  2 RLYB   +215 -129 2027-03   +255%   -28%       Rallybio Corp
  3 ETV    +189 -156 2027-03     +6%    -3%    Y  Eaton Vance Tax-Man Buy-
  4 PUBM   +200  -97 2027-03   +100%   -32%    Y  PubMatic Inc
  5 ROKU   +242 -106 2027-03    +62%    -3%    Y  Roku Inc
  6 GENZ   +249 -153 2027-01    -17%   -20%       Genzyme
  7 AGRO   +204 -121 2027-03    +55%   -17%       Adecoagro SA
  8 AFB    +191 -148 2027-03     -4%   -14%       Alliance National Munici
  9 SYNA   +191 -148 2027-03    +34%   -37%       Synaptics Inc
 10 TXN    +220 -118 2027-01    +41%   -22%       Texas Instruments
 11 MAA    +179 -145 2027-03    -12%   -27%       Mid-America Apartment Co
 12 IONQ   +208 -120 2027-02    -13%   -54%    Y  IONQ
 13 IGTAU  +219 -139 2027-03    -82%   -82%       Inception Growth Acquisi
 14 NRSN   +219 -139 2027-03    -72%   -85%       Neurosense Therapeutics 
 15 NU     +219 -139 2027-03     -2%   -19%       Nu Holdings Ltd

======================================================================================================================================================
BEARISH 12-MONTH — top 15 by astro-decay x price-elevation (short/avoid candidates)
======================================================================================================================================================
  # Tkr      Now    -Δ LowMo      pr12    fHi SatR  Name
  1 ROKU   +242 -191 2027-07    +62%    -3%    Y  Roku Inc
  2 ZIM    +195 -156 2027-04   +120%    -3%       Zim Integrated Shipping 
  3 FIX    +175 -118 2027-09   +111%   -23%    Y  Comfort Systems USA
  4 AVAV   +216 -205 2027-08    -37%   -62%       AVAV
  5 GENZ   +249 -200 2027-08    -17%   -20%       Genzyme
  6 SNOW   +204 -129 2027-07    +48%    -7%    Y  Intrawest Resorts Holdin
  7 AGRO   +204 -155 2027-04    +55%   -17%       Adecoagro SA
  8 NMSCA  +168 -127 2027-04   +200%   -70%       Nutrition Management Ser
  9 IONQ   +208 -158 2027-04    -13%   -54%    Y  IONQ
 10 TXN    +220 -146 2027-08    +41%   -22%       Texas Instruments
 11 CI     +230 -152 2027-06     -7%   -24%    Y  Cigna
 12 GNRC   +237 -182 2027-09     -2%   -38%       Generac
 13 ETV    +189 -148 2027-07     +6%    -3%    Y  Eaton Vance Tax-Man Buy-
 14 DFH    +188 -176 2027-07    -59%   -73%       Dream Finders Homes Inc
 15 HIMS   +188 -176 2027-07    -42%   -60%       HIMS

================================================================================================================================================================
CULT / EXPLOSIVE SHORTLIST — top 20 by composite (cult signatures x forward build x washout)
================================================================================================================================================================
  # Tkr    Age   Now bestΔ   pr12    fHi  Cult   Expl  Tags / Name
  1 DUOL     5  +92 +175   -49%   -73%   6.5   18.3  NePl-sxt,tPlu-light,tNep-light,young     Duolingo Inc
  2 MSS      3 +197  +84   -97%   -98%   6.0   14.1  NePl-sxt,GC,tNep-light,young             Maison Solutions I
  3 RDDT     2 +194  +41   -40%   -43%   8.0   13.2  AVIS,GC,tNep-light,young,Silas-JupReact  RDDT
  4 TEM      2  +92 +139   -25%   -43%   5.5   12.2  NePl-sxt,GC,young,Silas-JupReact         TEM
  5 CJMB     1 +113 +149   -55%   -64%   4.0   12.0  GC,young,Silas-JupReact                  Callan JMB INC.
  6 HCAI     1 +113 +149   -87%   -99%   4.0   12.0  GC,young,Silas-JupReact                  Huachen AI Parking
  7 WAY      2 +280  +29   -42%   -48%   7.5   11.7  NePl-sxt,GC,tNep-light,young,Silas-JupReact Waystar Holding Co
  8 KVYO     3  +72  +89   -48%   -67%   5.5   11.4  NePl-sxt,GC,young,Silas-JupReact         Klaviyo, Inc.
  9 BR      38 +148 +107   -33%   -37%   5.0   11.1  UrPl-sept,NePl-sxt,GC                    Broadridge Financi
 10 ERIE     2  +91  +92   -27%   -56%   6.0   11.1  NePl-sxt,GC,tNep-light,young             Erie Indemnity
 11 JELD     9  +81 +164   -67%   -90%   3.5   11.0  GC,tPlu-light                            JELD-WEN Holding I
 12 MRT     20 +116 +136   -10%   -42%   5.0   10.9  AVIS,GC,Silas-JupReact                   Morton's Restauran
 13 FICO     3 +121  +56   -37%   -60%   6.0   10.7  AVIS,GC,young,Silas-JupReact             Fair Isaac
 14 MGAM     4  +83 +116  -100%  -100%   4.0   10.6  NePl-sxt,GC,young                        Mobile Global Espo
 15 OFAL     1  +85 +111   -95%   -99%   4.0   10.4  NePl-sxt,GC,young                        OFA Group
 16 OKLO     2 +105  +63   -45%   -77%   5.5   10.2  NePl-sxt,GC,young,Silas-JupReact         OKLO
 17 BAOS     5 +147 +138   -90%   -96%   3.5   10.1  Stell,young,Silas-JupReact               Baosheng Media Gro
 18 CSPI    44 +243  +68   -28%   -72%   6.0   10.0  NePl-sxt,GC,Stell,tNep-light             CSP INC
 19 NNE      2 +109  +26   -44%   -69%   6.5    9.9  NePl-sxt,GC,Stell,young,Silas-JupReact   NNE
 20 KKR      2 +100  +65   -28%   -40%   6.0    9.9  NePl-sxt,GC,tNep-light,young             KKR & Co.

Exported -> data/master_scan_sep2026.csv
