Loading universe...
Tradeable universe: 398
Neptune now (Apr 2026): 2.74° (Aries 2.74°)
Exported 142 -> /home/user/cyclepapa/data/neptune_hype_candidates.csv

================================================================================================================================================================
TIER 1 — NEPTUNE <=2° of natal Sun/Moon NOW + approaching  (39 matches)
================================================================================================================================================================
Tkr    ModSec       Name                           IPO         Tgt  CurOrb Exact    ExOrb NatSN  mPk  APP ≤2° Sun-Nep natal?
KKR    FINANCE      KKR & Co.                      2024-06-24  Sun    0.83 2026-05  0.12  3.65  1.19  
ZTS    BIOTECH      Zoetis                         2013-01-31  Moon   1.64 2026-07  0.02 20.17  1.48  
ALL    FINANCE      Allstate                       1989-09-27  Sun    1.72 2026-07  0.06  5.16  1.29  
TJX    RETAIL       TJX Companies                  1987-06-26  Sun    1.73 2026-07  0.07  2.22  1.16  ★AVIS DNA
AES    UTILS        AES Corporation                1991-06-26  Sun    1.76 2026-07  0.10 11.19  1.39  
APTV   RETAIL       Aptiv                          1991-06-26  Sun    1.76 2026-07  0.10 11.19  1.16  
BKNG   RETAIL       Booking Holdings               2009-11-06  Moon   1.29 2026-08  0.00  9.38  0.99  
NVR    HOMEBUILDER  NVR, Inc.                      2019-09-26  Sun    0.47 2026-09  0.08 16.34  1.02  
PTON   RETAIL       Peloton Interactive Inc        2019-09-26  Sun    0.47 2026-09  0.08 16.34  0.92  
MOS    METALS       Mosaic Company (The)           2011-09-26  Sun    0.42 2026-09  0.13 34.52  1.29  
KMX    UNK          CarMax Group                   1997-02-04  Moon   0.73 2026-09  0.18 17.70  1.02  
CRL    HEALTH       Charles River Laboratories     2000-06-23  Sun    0.32 2026-10  0.06 33.63  1.06  
DUOL   TECH         Duolingo Inc                   2021-07-28  Moon   0.33 2026-10  0.06 42.81  1.46  
NXE    URANIUM      Nuveen Arizona Dividend        2002-09-25  Sun    0.39 2026-10  0.12 36.01  1.91  
SHOP   TECH         Shopping.com Ltd               2004-10-25  Moon   0.47 2026-10  0.21 10.09  1.46  
FISV   FINANCE      Fiserv                         1986-09-25  Sun    0.51 2026-10  0.25  0.85  1.06  ★AVIS DNA
TDY    TECH         Teledyne Technologies          2020-06-22  Sun    1.11 2026-12  0.01 10.66  1.52  
TYL    TECH         Tyler Technologies             2020-06-22  Sun    1.11 2026-12  0.01 10.66  1.52  
COIN   CRYPTO       Coinbase                       2007-02-13  Moon   1.20 2026-12  0.08  4.81  0.97  
CRM    TECH         Salesforce                     2004-06-22  Sun    1.24 2026-12  0.12 43.57  1.52  
CFG    FINANCE      Citizens Financial Group       2014-09-24  Sun    1.27 2026-12  0.15 25.97  1.10  
LYV    MEDIA        Live Nation Entertainment      2019-12-23  Sun    1.29 2026-12  0.16 15.33  1.56  
DELL   TECH         Dell Technologies              1988-06-22  Sun    1.36 2026-12  0.24  7.65  1.52  
EBAY   RETAIL       eBay Inc                       1998-09-24  Sun    1.39 2026-12  0.27 28.12  0.99  
BLDR   HOMEBUILDER  Builders FirstSource           2005-06-22  Sun    1.48 2026-12  0.35 43.95  1.10  
CPAY   FINANCE      Corpay                         2018-06-20  Moon   1.60 2026-12  0.48 12.73  1.10  
ERIE   FINANCE      Erie Indemnity                 2024-09-23  Sun    1.69 2026-12  0.56  2.61  1.10  ★AVIS DNA
CRH    INDUSTRIAL   CRH plc                        2025-12-22  Sun    1.74 2026-12  0.62  1.58  1.21  ★AVIS DNA
COO    HEALTH       Cooper Companies (The)         2016-09-23  Sun    1.75 2026-12  0.63 20.92  1.10  
DGX    HEALTH       Quest Diagnostics              2002-12-12  Moon   1.98 2026-12  0.85 41.43  1.10  

================================================================================================================================================================
TIER 2 — Neptune going exact to natal Sun/Moon within 6 months  (0 matches)
================================================================================================================================================================

================================================================================================================================================================
TIER 3 — Neptune going exact to natal Sun/Moon 7-18 months out  (13 matches)
================================================================================================================================================================
Tkr    ModSec       Name                           IPO         Tgt  CurOrb Exact    ExOrb NatSN  mPk  AVIS-DNA?
AME    INDUSTRIAL   Ametek                         2013-09-23  Sun    2.01 2026-12  0.89 27.48  1.21  
MS     FINANCE      Morgan Stanley                 1986-03-21  Sun    2.06 2026-12  0.93  5.05  1.10  
ALAB   SEMIS        Astera Labs Inc                2024-03-20  Sun    2.26 2026-12  1.14  2.99  1.72  ★
FCX    METALS       Freeport-McMoRan               1988-05-05  Moon   2.39 2026-12  1.27 35.26  1.39  
KDP    FOOD_BEV     Keurig Dr Pepper               2022-06-21  Sun    2.53 2026-12  1.41  4.78  1.10  
AMD    SEMIS        Advanced Micro Devices         2017-03-20  Sun    2.57 2026-12  1.45 17.77  1.72  
RJF    FINANCE      Raymond James Financial        2017-03-20  Sun    2.57 2026-12  1.45 17.77  1.10  
JCI    INDUSTRIAL   Johnson Controls               2010-08-27  Moon   3.08 2027-05  0.04  7.12  1.17  
SOLV   HEALTH       Solventum                      2024-04-01  Moon   3.01 2027-05  0.11 14.42  1.06  
TSLA   EV           Tesla, Inc.                    2010-06-28  Sun    4.06 2027-07  0.14 38.30  1.27  
FDS    FINANCE      FactSet                        1996-06-27  Sun    3.47 2027-08  0.11 20.72  0.95  
INCY   BIOTECH      Incyte                         2017-02-28  Moon   2.90 2027-09  0.04  1.46  1.09  ★
SRE    UTILS        Sempra                         1998-06-26  Sun    2.05 2027-10  0.01 26.69  1.03  

================================================================================================================================================================
★ AVIS-DNA — natal Sun conj Neptune ≤3° + Neptune approaching Sun/Moon  (12 matches)
  (Most bubblish archetype — 'born with fantasy-merged-with-identity')
================================================================================================================================================================
Tkr    ModSec       Name                           IPO         NatSN Tgt  Exact    ExOrb moOut  mPk
TJX    RETAIL       TJX Companies                  1987-06-26   2.22 Sun  2026-07  0.07     3 1.16
FISV   FINANCE      Fiserv                         1986-09-25   0.85 Sun  2026-10  0.25     6 1.06
ERIE   FINANCE      Erie Indemnity                 2024-09-23   2.61 Sun  2026-12  0.56     8 1.10
CRH    INDUSTRIAL   CRH plc                        2025-12-22   1.58 Sun  2026-12  0.62     8 1.21
ALAB   SEMIS        Astera Labs Inc                2024-03-20   2.99 Sun  2026-12  1.14     8 1.72
INCY   BIOTECH      Incyte                         2017-02-28   1.46 Moon 2027-09  0.04    17 1.09
DECK   LUXURY       Deckers Brands                 1993-10-14   2.83 Moon 2028-06  0.01    26 1.04
EIX    UTILS        Edison International           1987-07-01   2.69 Sun  2028-07  0.34    27 1.00
AVY    METALS       Avery Dennison                 1987-12-31   1.60 Sun  2028-07  0.48    27 1.15
EOG    FOSSIL       EOG Resources                  1989-10-04   1.69 Sun  2028-07  2.45    27 0.80
DASH   RETAIL       DoorDash                       2020-12-09   0.22 Moon 2028-08  0.01    28 1.00
AJG    FINANCE      Arthur J. Gallagher & Co.      2016-05-31   1.44 Moon 2028-09  0.06    29 1.10
