Loaded 49 top-50 backtest rows

====================================================================================================
 (1) CONTROL GROUP — top-50 vs bottom-50 vs random universe
====================================================================================================
  Fetching prices for 50 random sample tickers...

  Apr 2024 -> Apr 2026 backtest comparison:
  Group                   n   Mean Ret  Med Ret   Mean Peak  Med Peak   Hit≥50%   Hit≥100%
  TOP-50 (v25)           49     +46.3%   +13.8%      +86.4%    +50.1%       51%       18%
  RANDOM-50              50     +29.3%   +15.2%      +75.3%    +35.0%       32%       26%
  SPY                     1     +34.8%   +34.8%      +36.0%    +36.0%       —         —

====================================================================================================
 (2) PEAK-MONTH ACCURACY — predicted peak vs actual peak date
====================================================================================================
  25 picks with peak return >=+50%
  Median |days off|: 143 days
  Mean   |days off|: 202 days
  Within 60d:  8/25 (32%)
  Within 90d:  11/25 (44%)
  Within 180d: 14/25 (56%)

  Random month baseline (uniform pick of forecast month):
  Median |days off|: 397 days
  Mean   |days off|: 376 days
  Within 60d:  2/25 (8%)
  Within 90d:  5/25 (20%)

====================================================================================================
 (3) BOOTSTRAP CIs on top-50 mean peak return (1000 resamples)
====================================================================================================
  Mean peak return: +86.4%
  Bootstrap 95% CI: [+55.1%, +127.5%]
  Bootstrap median: +84.5%
  SPY peak benchmark: +36.0%
  P(top-50 mean > SPY peak): 1.000

====================================================================================================
 (4) DROP-TAILS SENSITIVITY — what if we remove APP, WDC?
====================================================================================================
  Original    n=49 mean_peak=+86.4% median_peak=+50.1%
  No APP+WDC  n=47 mean_peak=+56.5% median_peak=+48.1%
  Trimmed 2/2 n=45 mean_peak=+59.0% median_peak=+50.1%
  SPY benchmark peak: +36.0%

  Without APP+WDC the top-50 mean peak +56.5% vs SPY peak +36.0% = excess +20.5pp
  Excess collapses from +50pp to +20pp — most of the alpha was tail-driven.

====================================================================================================
 (5) ASYMMETRY-BUCKET STRATIFICATION — does top of list beat bottom?
====================================================================================================
  Quintile       n   Mean Ret  Mean Peak   Hit≥50%   Hit≥100%
  Q1 (rank  1-9):    9     +29.8%     +60.2%       67%       22%
  Q2 (rank 10-18):    9      +6.6%     +42.8%       44%        0%
  Q3 (rank 19-27):    9     +69.6%    +104.1%       33%       22%
  Q4 (rank 28-36):    9     +31.0%     +71.7%       56%       22%
  Q5 (rank 37-45):    9     +32.8%     +53.1%       44%       11%

  Top quintile mean peak: +60.2%
  Bottom quintile mean peak: +53.1%
  Difference: +7.2pp
