Loading event-study key statistics...
  369 keys valid (n_w>=10, n_c>=5)
Loading SP500...
  503 SP500 names
Scanning SP500 today-active aspects...

========================================================================================================================================================================================================
SP500 RANKED BY TODAY'S ACTIVE-ASPECT EXPECTED 12-MONTH RETURN
  Sum of empirical W-vs-C deltas across all aspects within 2.5° NOW (Apr 22 2026)
  Higher = more bullish 12mo outlook based on event-study deltas
========================================================================================================================================================================================================
  # Tkr    GICS                   IPO           Σ Δ12mo   Σ W12mo #act     +/-  Top-3 active aspects (Δ12mo)
  1 IRM    Real Estate            1996-02-01    +357.5   +485.8   19 18/1      Nep-MC sq_90 (Δ+100) | Nep-Sun sept_51 (Δ+31) | Sat-Moo sq_90 (Δ+30)  (Iron Mountain)
  2 VRSN   Information Technolog  1998-01-29    +307.5   +414.4   15 15/0      Nep-MC sq_90 (Δ+100) | Nep-Sun sept_51 (Δ+31) | Plu-ASC sxt_60 (Δ+22)  (Verisign)
  3 VICI   Real Estate            2018-02-01    +294.1   +421.6   17 15/2      Nep-MC sq_90 (Δ+100) | Nep-Sun sept_51 (Δ+31) | Jup-Moo bat_41 (Δ+23)  (Vici Properties)
  4 BG     Consumer Staples       2001-08-02    +293.6   +345.2   12 12/0      Nep-MC sq_90 (Δ+100) | Ura-Sun qnt_72 (Δ+39) | Sat-Sun tri_120 (Δ+21)  (Bunge Global)
  5 LUV    Industrials            1994-07-01    +291.5   +371.9   16 15/1      Plu-Moo qnt_72 (Δ+54) | Ura-Sun bat_41 (Δ+39) | Plu-MC tri_120 (Δ+32)  (Southwest Airlines)
  6 UNH    Health Care            1994-07-01    +291.5   +371.9   16 15/1      Plu-Moo qnt_72 (Δ+54) | Ura-Sun bat_41 (Δ+39) | Plu-MC tri_120 (Δ+32)  (UnitedHealth Group)
  7 ZTS    Health Care            2013-01-31    +284.5   +400.1   16 15/1      Nep-MC sq_90 (Δ+100) | Nep-Sun sept_51 (Δ+31) | Plu-ASC sxt_60 (Δ+22)  (Zoetis)
  8 CLX    Consumer Staples       1928-02-01    +283.3   +374.5   14 13/1      Nep-MC sq_90 (Δ+100) | Nep-Sun sept_51 (Δ+31) | Plu-ASC sxt_60 (Δ+22)  (Clorox)
  9 EIX    Utilities              1987-07-01    +277.9   +353.7   16 15/1      Ura-Sun bat_41 (Δ+39) | Ura-Moo butt_98 (Δ+35) | Plu-MC tri_120 (Δ+32)  (Edison Internation)
 10 ALB    Materials              2016-07-01    +276.7   +364.9   17 15/2      Ura-Sun bat_41 (Δ+39) | Plu-ASC biq_144 (Δ+34) | Plu-MC tri_120 (Δ+32)  (Albemarle Corporat)
 11 FTV    Industrials            2016-07-01    +276.7   +364.9   17 15/2      Ura-Sun bat_41 (Δ+39) | Plu-ASC biq_144 (Δ+34) | Plu-MC tri_120 (Δ+32)  (Fortive)
 12 BXP    Real Estate            1997-06-17    +271.8   +417.1   18 18/0      Plu-Moo gart_77 (Δ+27) | Sat-ASC phi_137 (Δ+26) | Ura-ASC sq_90 (Δ+22)  (BXP, Inc.)
 13 NTRS   Financials             1998-01-30    +269.3   +356.1   12 12/0      Nep-MC sq_90 (Δ+100) | Nep-Sun sept_51 (Δ+31) | Plu-ASC sxt_60 (Δ+22)  (Northern Trust)
 14 BK     Financials             2007-07-01    +267.7   +336.6   16 15/1      Ura-Sun bat_41 (Δ+39) | Plu-MC tri_120 (Δ+32) | Sat-Sun sq_90 (Δ+21)  (BNY Mellon)
 15 VMC    Materials              1999-06-30    +265.6   +350.5   17 16/1      Ura-Sun bat_41 (Δ+39) | Plu-MC tri_120 (Δ+32) | Sat-Moo qnt_72 (Δ+21)  (Vulcan Materials C)
 16 LDOS   Industrials            2013-09-27    +256.2   +373.1   20 19/1      Sat-Moo sq_90 (Δ+30) | Sat-MC phi_137 (Δ+25) | Jup-Sun gart_77 (Δ+19)  (Leidos)
 17 MAS    Industrials            1981-06-30    +255.9   +332.7   17 15/2      Ura-Sun bat_41 (Δ+39) | Plu-MC tri_120 (Δ+32) | Sat-Moo qnt_72 (Δ+21)  (Masco)
 18 MPC    Energy                 2011-07-01    +252.8   +334.8   16 15/1      Ura-Sun bat_41 (Δ+39) | Plu-MC tri_120 (Δ+32) | Sat-Sun sq_90 (Δ+21)  (Marathon Petroleum)
 19 INVH   Real Estate            2017-02-01    +251.6   +370.2   16 13/3      Nep-MC sq_90 (Δ+100) | Nep-Sun sept_51 (Δ+31) | Mar-Moo conj_0 (Δ+18)  (Invitation Homes)
 20 CIEN   Information Technolog  1997-02-07    +246.7   +366.0   17 16/1      Ura-ASC bat_41 (Δ+45) | Plu-ASC qnt_72 (Δ+23) | Jup-ASC sq_90 (Δ+19)  (Ciena)
 21 OMC    Communication Service  1986-08-01    +246.7   +295.3   12 11/1      Nep-MC sq_90 (Δ+100) | Sat-Moo qnt_72 (Δ+21) | Sat-Sun tri_120 (Δ+21)  (Omnicom Group)
 22 WAB    Industrials            1995-06-15    +245.6   +360.9   16 16/0      Sat-ASC phi_137 (Δ+26) | Sat-Moo qnt_72 (Δ+21) | Jup-MC sxt_60 (Δ+21)  (Wabtec)
 23 LHX    Industrials            2019-07-01    +245.6   +316.9   16 14/2      Ura-Sun bat_41 (Δ+39) | Plu-MC tri_120 (Δ+32) | Sat-Sun sq_90 (Δ+21)  (L3Harris)
 24 GILD   Health Care            1983-02-02    +238.8   +342.2   14 12/2      Nep-MC sq_90 (Δ+100) | Nep-Sun sept_51 (Δ+31) | Mer-Sun sxt_60 (Δ+15)  (Gilead Sciences)
 25 JNJ    Health Care            1944-09-25    +236.2   +324.1   15 15/0      Nep-Moo sq_90 (Δ+40) | Sat-MC phi_137 (Δ+25) | Jup-Sun gart_77 (Δ+19)  (Johnson & Johnson)
 26 NDAQ   Financials             2002-07-01    +236.2   +309.1   15 13/2      Ura-Sun bat_41 (Δ+39) | Plu-MC tri_120 (Δ+32) | Ura-Moo sxt_60 (Δ+27)  (Nasdaq, Inc.)
 27 STLD   Materials              1996-11-21    +235.8   +289.3   13 12/1      Plu-Moo qnt_72 (Δ+54) | Plu-MC butt_98 (Δ+46) | Sat-ASC butt_98 (Δ+33)  (Steel Dynamics)
 28 AXON   Industrials            2015-06-11    +228.2   +251.6    9 9/0      Plu-Moo qnt_72 (Δ+54) | Plu-MC butt_98 (Δ+46) | Nep-MC bat_41 (Δ+34)  (Axon Enterprise)
 29 DVA    Health Care            2008-07-31    +226.2   +273.4    9 9/0      Nep-MC sq_90 (Δ+100) | Ura-Moo sxt_60 (Δ+27) | Sat-Sun tri_120 (Δ+21)  (DaVita)
 30 VZ     Communication Service  2000-07-03    +224.7   +283.6   11 11/0      Ura-Sun bat_41 (Δ+39) | Plu-ASC biq_144 (Δ+34) | Plu-MC tri_120 (Δ+32)  (Verizon)
 31 FIS    Financials             2001-06-18    +224.2   +365.3   16 16/0      Ura-ASC sq_90 (Δ+22) | Plu-Sun biq_144 (Δ+21) | Nep-ASC biq_144 (Δ+19)  (Fidelity National )
 32 WST    Health Care            2020-05-22    +224.2   +285.8   13 13/0      Nep-Sun sxt_60 (Δ+49) | Ura-Moo conj_0 (Δ+21) | Mar-Moo sept_51 (Δ+17)  (West Pharmaceutica)
 33 SYF    Financials             2014-07-31    +223.0   +264.8   10 10/0      Nep-MC sq_90 (Δ+100) | Sat-Sun tri_120 (Δ+21) | Ura-ASC tri_120 (Δ+20)  (Synchrony Financia)
 34 TXT    Industrials            1923-01-01    +221.7   +280.5   15 14/1      Ura-Sun phi_137 (Δ+27) | Sat-ASC sept_51 (Δ+23) | Sat-Moo qnt_72 (Δ+21)  (Textron)
 35 CI     Health Care            1976-06-30    +221.5   +287.0   14 13/1      Ura-Sun bat_41 (Δ+39) | Plu-MC tri_120 (Δ+32) | Sat-Sun sq_90 (Δ+21)  (Cigna)
 36 ALL    Financials             1989-09-27    +221.2   +306.2   17 16/1      Ura-Moo butt_98 (Δ+35) | Sat-MC phi_137 (Δ+25) | Jup-Sun gart_77 (Δ+19)  (Allstate)
 37 PNW    Utilities              1996-01-01    +218.1   +290.5   15 14/1      Ura-Sun phi_137 (Δ+27) | Sat-ASC sept_51 (Δ+23) | Sat-Sun sq_90 (Δ+21)  (Pinnacle West Capi)
 38 WBD    Communication Service  2002-02-08    +216.9   +333.3   15 13/2      Ura-ASC bat_41 (Δ+45) | Nep-Sun bat_41 (Δ+31) | Sat-Moo sq_90 (Δ+30)  (Warner Bros. Disco)
 39 CTRA   Energy                 1995-02-06    +215.4   +308.3   13 13/0      Ura-ASC bat_41 (Δ+45) | Plu-ASC qnt_72 (Δ+23) | Jup-ASC sq_90 (Δ+19)  (Coterra)
 40 FDS    Financials             1996-06-27    +215.3   +329.0   15 14/1      Plu-Moo gart_77 (Δ+27) | Ura-MC conj_0 (Δ+25) | Sat-MC sept_51 (Δ+23)  (FactSet)
 41 MO     Consumer Staples       1952-03-10    +214.8   +321.2   13 12/1      Ura-Sun qnt_72 (Δ+39) | Ura-Moo butt_98 (Δ+35) | Sat-MC sxt_60 (Δ+23)  (Altria)
 42 ABT    Health Care            1929-03-01    +213.0   +308.4   13 12/1      Ura-Sun gart_77 (Δ+53) | Plu-Moo gart_77 (Δ+27) | Jup-Moo tri_120 (Δ+19)  (Abbott Laboratorie)
 43 GOOG   Communication Service  2004-08-19    +212.4   +335.1   17 16/1      Sat-Sun phi_137 (Δ+23) | Jup-ASC sq_90 (Δ+19) | Mar-Sun phi_137 (Δ+18)  (Alphabet Inc. (Cla)
 44 PCAR   Industrials            1968-01-01    +210.7   +278.7   15 14/1      Ura-Sun phi_137 (Δ+27) | Sat-ASC sept_51 (Δ+23) | Sat-Sun sq_90 (Δ+21)  (Paccar)
 45 EPAM   Information Technolog  2012-02-07    +210.4   +316.2   14 13/1      Ura-ASC bat_41 (Δ+45) | Plu-ASC qnt_72 (Δ+23) | Jup-ASC sq_90 (Δ+19)  (EPAM Systems)
 46 PRU    Financials             2001-12-12    +208.8   +299.5   13 10/3      Plu-Moo qnt_72 (Δ+54) | Nep-ASC qnt_72 (Δ+37) | Plu-MC gart_77 (Δ+27)  (Prudential Financi)
 47 APO    Financials             2011-03-29    +206.9   +325.9   17 15/2      Nep-ASC gart_77 (Δ+45) | Jup-Sun butt_98 (Δ+19) | Ura-Sun sept_51 (Δ+18)  (Apollo Global Mana)
 48 AAPL   Information Technolog  1980-12-12    +206.1   +294.7   14 11/3      Nep-ASC qnt_72 (Δ+37) | Ura-Moo butt_98 (Δ+35) | Plu-MC gart_77 (Δ+27)  (Apple Inc.)
 49 BAC    Financials             1998-09-30    +206.0   +295.5   16 15/1      Sat-ASC phi_137 (Δ+26) | Sat-Moo qnt_72 (Δ+21) | Jup-Sun gart_77 (Δ+19)  (Bank of America)
 50 STZ    Consumer Staples       2005-07-01    +205.7   +263.5   13 11/2      Ura-Sun bat_41 (Δ+39) | Plu-MC tri_120 (Δ+32) | Plu-Moo butt_98 (Δ+22)  (Constellation Bran)
 51 NVR    Consumer Discretionar  2019-09-26    +204.1   +298.2   16 16/0      Sat-MC phi_137 (Δ+25) | Jup-Sun gart_77 (Δ+19) | Jup-MC bat_41 (Δ+17)  (NVR, Inc.)
 52 LMT    Industrials            1977-01-01    +203.4   +267.6   15 14/1      Ura-Sun phi_137 (Δ+27) | Sat-ASC sept_51 (Δ+23) | Ura-Moo conj_0 (Δ+21)  (Lockheed Martin)
 53 NI     Utilities              1926-01-01    +203.2   +277.7   15 14/1      Ura-Sun phi_137 (Δ+27) | Sat-ASC sept_51 (Δ+23) | Sat-Sun sq_90 (Δ+21)  (NiSource)
 54 EBAY   Consumer Discretionar  1995-09-28    +202.5   +288.0   15 14/1      Plu-Moo qnt_72 (Δ+54) | Jup-Sun gart_77 (Δ+19) | Jup-MC bat_41 (Δ+17)  (eBay Inc.)
 55 ISRG   Health Care            2000-06-13    +202.0   +322.7   14 14/0      Sat-ASC phi_137 (Δ+26) | Jup-MC sxt_60 (Δ+21) | Jup-Moo tri_120 (Δ+19)  (Intuitive Surgical)
 56 CMS    Utilities              1927-01-01    +201.4   +256.5   14 13/1      Ura-Sun phi_137 (Δ+27) | Sat-ASC sept_51 (Δ+23) | Sat-Sun sq_90 (Δ+21)  (CMS Energy)
 57 MCHP   Information Technolog  1993-03-19    +201.2   +274.2   13 13/0      Nep-ASC qnt_72 (Δ+37) | Sat-MC sept_51 (Δ+23) | Mar-Moo sept_51 (Δ+17)  (Microchip Technolo)
 58 EXE    Energy                 2025-03-24    +200.9   +248.6   11 11/0      Nep-ASC gart_77 (Δ+45) | Nep-MC bat_41 (Δ+34) | Plu-Sun sxt_60 (Δ+30)  (Expand Energy)
 59 TKO    Communication Service  2025-03-24    +200.9   +248.6   11 11/0      Nep-ASC gart_77 (Δ+45) | Nep-MC bat_41 (Δ+34) | Plu-Sun sxt_60 (Δ+30)  (TKO Group Holdings)
 60 WSM    Consumer Discretionar  2025-03-24    +200.9   +248.6   11 11/0      Nep-ASC gart_77 (Δ+45) | Nep-MC bat_41 (Δ+34) | Plu-Sun sxt_60 (Δ+30)  (Williams-Sonoma, I)

========================================================================================================================================================================================================
SP500 RANKED — MOST BEARISH (avoid/short candidates by today's active-aspect expected delta)
========================================================================================================================================================================================================
  1 WM     Industrials            1998-08-31     +32.4   +164.3   10 5/5      (Waste Management)
  2 PFG    Financials             1992-10-29     +35.2   +120.4    9 6/3      (Principal Financia)
  3 MTB    Financials             2004-02-23     +36.9    +69.8    5 4/1      (M&T Bank)
  4 LYB    Materials              2012-09-05     +37.9    +65.8    3 2/1      (LyondellBasell)
  5 KO     Consumer Staples       1919-09-05     +40.0   +107.2    5 4/1      (Coca-Cola Company )
  6 CSGP   Real Estate            2022-09-19     +40.4    +73.7    4 3/1      (CoStar Group)
  7 CBRE   Real Estate            2006-11-10     +40.5    +99.5    7 5/2      (CBRE Group)
  8 NEE    Utilities              1950-05-01     +42.1    +59.6    3 3/0      (NextEra Energy)
  9 TTWO   Communication Service  1997-04-14     +44.4    +91.1    7 5/2      (Take-Two Interacti)
 10 HD     Consumer Discretionar  1981-09-22     +45.3    +97.3    7 5/2      (Home Depot (The))
 11 GL     Financials             1989-12-21     +46.6   +133.3   10 7/3      (Globe Life)
 12 TXN    Information Technolog  2001-03-12     +46.9   +106.4    5 4/1      (Texas Instruments)
 13 REG    Real Estate            1993-10-29     +47.7   +126.0    8 6/2      (Regency Centers)
 14 SCHW   Financials             1987-09-22     +48.3    +83.0    5 4/1      (Charles Schwab Cor)
 15 BRO    Financials             2021-09-20     +48.3    +83.0    5 4/1      (Brown & Brown)
 16 HCA    Health Care            1992-02-26     +49.0    +94.4    6 5/1      (HCA Healthcare)
 17 SNPS   Information Technolog  1992-02-26     +49.0    +94.4    6 5/1      (Synopsys)
 18 UAL    Industrials            2015-09-03     +49.6   +139.6    6 5/1      (United Airlines Ho)
 19 BF.B   Consumer Staples       1982-10-31     +49.9   +122.5    8 5/3      (Brown–Forman)
 20 COR    Health Care            2010-09-22     +50.5    +90.4    6 5/1      (Cencora)
 21 ORLY   Consumer Discretionar  1993-04-22     +51.6    +56.9    2 2/0      (O’Reilly Automotiv)
 22 AIZ    Financials             2004-02-04     +51.9    +70.6    4 4/0      (Assurant)
 23 AMT    Real Estate            1998-02-26     +53.4   +106.7    7 6/1      (American Tower)
 24 MMM    Industrials            1946-01-14     +54.6    +81.0    4 4/0      (3M)
 25 ADP    Industrials            1961-09-01     +58.5   +184.2   10 6/4      (Automatic Data Pro)
 26 WELL   Real Estate            1993-08-12     +59.3    +85.6    5 5/0      (Welltower)
 27 ESS    Real Estate            1994-06-06     +60.0    +93.1    6 5/1      (Essex Property Tru)
 28 TER    Information Technolog  2020-09-21     +60.9   +101.2    6 5/1      (Teradyne)
 29 CPT    Real Estate            1993-07-22     +61.7    +93.0    6 5/1      (Camden Property Tr)
 30 FOX    Communication Service  1991-08-29     +62.1   +149.1    9 6/3      (Fox Corporation (C)

Exported full ranked list to data/sp500_today_active.csv (503 names)
