========================================================================================================================================================================================================
THEORY-EMPIRICAL RECONCILIATION — natal signatures and realised max-multiples
========================================================================================================================================================================================================

Tkr    IPO         Category                         | AVIS   GC SaNeBat MaJuBu JuUrGa UrPlSep UrPlSx NePlSx Stell | Max Mult Low        High      
GME    2002-02-13  known meme                       |   16    9      78     20     54      16      8      8     3 |   124.1× 2020-04-03 2021-01-27
AMC    2013-12-18  known meme                       |   66   12      63     20     22      36     28      8     2 |    31.6× 2021-01-05 2021-06-02
NVDA   1999-01-22  megacap                          |    ★    ★      44     49     34      11      ★      8     3 |  6068.9× 1999-04-26 2025-10-29
PLTR   2020-09-30  recent multi-bagger              |  161    8      13      ★     35      56     47      3     3 |    34.5× 2022-12-27 2025-11-03
APP    2021-04-15  recent multi-bagger (961% in ba  |   34    5       ★     21      3      52     43      5     2 |    78.9× 2022-12-27 2025-12-22
SMCI   2007-03-29  AI compute multi-bagger          |   47    ★     136     34      9      26     17      8     3 |   308.6× 2008-11-13 2024-03-13
CVNA   2017-04-28  retail multi-bagger              |   55    ★      35     33     93      44     36      6     2 |   128.6× 2022-12-27 2026-01-22
HIMS   2021-01-21  health                           |   47    8       4      8     12      50     42      6     4 |    22.1× 2022-05-11 2025-02-19
WDC    1976-08-31  backtest 617% winner             |   93   13      79     26     76      28     36      ★     2 |   507.8× 1991-12-12 2026-04-21
CHRW   1997-10-15  CAR-analog flagged               |   95   19      38     38     70       9      ★      7     3 |    54.4× 1998-10-08 2026-02-06
HON    1999-12-01  CAR-analog flagged               |   53   17      59     16      5      12      3      8     3 |    43.9× 1990-10-31 2026-03-02
MOS    2011-09-26  Neptune-hype                     |  145    6      90     12     40      36     28      6     3 |    27.3× 2003-10-24 2008-06-17
BLDR   2005-06-22  compression-release flagged      |  134    4     119     80     74      26     18      6     2 |   302.4× 2008-12-01 2024-03-21
NXPI   2010-08-05  SEMIS top pick                   |  165    3     105     81     74      36     27      5     3 |    27.2× 2010-08-24 2024-07-16
TER    2020-09-21  SEMIS pick                       |  170    8      13      ★     36      56     48      3     3 |   392.7× 1990-10-15 2026-04-17
KVYO   2023-09-20  TECH new IPO                     |  179    ★      17     53     69      63     55      ★     2 |     2.3× 2024-05-08 2025-02-10
IVZ    2008-08-21  FINANCE top pick                 |  174    ★     121      4      9      32     23      6     2 |     8.1× 1995-09-08 2000-11-03
NFLX   2002-05-23  STREAMING pick                   |  111   10      84     80     59      21     12      6     3 |  3591.5× 2002-10-09 2025-06-30
ALAB   2024-03-20  AVIS-DNA structural twin         |    ★    ★      26     21     72      57     49      4     3 |     6.9× 2024-08-07 2025-09-18
CRH    2025-12-22  AVIS-DNA fresh IPO               |   88    ★      37     65     23      64     56      3     3 |    43.8× 1993-02-19 2026-01-09
FISV   1986-09-25  AVIS-DNA                         |   91    6      13     45     10       9     17      ★     3 |   541.7× 1990-09-28 2025-03-03
INCY   1993-11-05  BIOPHARM, real IPO date          |   66   22       6     69      ★       ★      6      6     4 |    88.8× 1994-04-20 2017-03-15
DECK   1993-10-14  luxury                           |   87   21       6     80      7       ★      6      6     3 |  2920.7× 1998-12-16 2025-01-30
DASH   2020-12-09  new media                        |   90    9       8     17     22      52     44      5     4 |     6.5× 2022-10-14 2025-10-06
META   2012-05-18  megacap                          |   85   10      88      8     30      37     28      6     3 |    44.6× 2012-09-04 2025-08-12
TSLA   2010-06-29  megacap                          |  129    ★     109     62     75      35     27      6     2 |   465.1× 2010-07-07 2025-12-16

====================================================================================================
  Stocks ranked by realised max-multiple — which natal theories activated?
====================================================================================================
  NVDA    6068.9×  megacap                           active: AVIS-DNA(0.3°), GC(1.4°), UrPluSxt(2.4°)
  NFLX    3591.5×  STREAMING pick                    active: (none)
  DECK    2920.7×  luxury                            active: UrPluSept(2.8°)
  FISV     541.7×  AVIS-DNA                          active: NePluSxt(2.9°)
  WDC      507.8×  backtest 617% winner              active: NePluSxt(0.9°)
  TSLA     465.1×  megacap                           active: GC(1.6°)
  TER      392.7×  SEMIS pick                        active: MarJupButt(1.7°)
  SMCI     308.6×  AI compute multi-bagger           active: GC(2.0°)
  BLDR     302.4×  compression-release flagged       active: (none)
  CVNA     128.6×  retail multi-bagger               active: GC(0.4°)
  GME      124.1×  known meme                        active: (none)
  INCY      88.8×  BIOPHARM, real IPO date           active: JupUraGart(2.8°), UrPluSept(2.5°), Stellium(4)
  APP       78.9×  recent multi-bagger (961% in bac  active: SatNepBat(1.5°)
  CHRW      54.4×  CAR-analog flagged                active: UrPluSxt(0.8°)
  META      44.6×  megacap                           active: (none)

====================================================================================================
  Theory aggregation — count of active signatures vs realised multiple
====================================================================================================
  Tkr    #Sigs   MaxMult  Cat                                
  NVDA       3   6068.9×  megacap
  INCY       3     88.8×  BIOPHARM, real IPO date
  ALAB       2      6.9×  AVIS-DNA structural twin
  KVYO       2      2.3×  TECH new IPO
  DECK       1   2920.7×  luxury
  FISV       1    541.7×  AVIS-DNA
  WDC        1    507.8×  backtest 617% winner
  TSLA       1    465.1×  megacap
  TER        1    392.7×  SEMIS pick
  SMCI       1    308.6×  AI compute multi-bagger
  CVNA       1    128.6×  retail multi-bagger
  APP        1     78.9×  recent multi-bagger (961% in backte
  CHRW       1     54.4×  CAR-analog flagged
  CRH        1     43.8×  AVIS-DNA fresh IPO
  PLTR       1     34.5×  recent multi-bagger
  HIMS       1     22.1×  health
  IVZ        1      8.1×  FINANCE top pick
  DASH       1      6.5×  new media
  NFLX       0   3591.5×  STREAMING pick
  BLDR       0    302.4×  compression-release flagged
  GME        0    124.1×  known meme
  META       0     44.6×  megacap
  HON        0     43.9×  CAR-analog flagged
  AMC        0     31.6×  known meme
  MOS        0     27.3×  Neptune-hype
  NXPI       0     27.2×  SEMIS top pick
