125 tradeable survivors

===========================================================================================================================================================
TOP 40 SECTOR-AWARE ASYMMETRIC — bottom signal upweighted by empirical sector ruler
===========================================================================================================================================================
 Rk Tkr    Sec        IPO         Age   Now  Peak     Δ PkMo     Run BubPk   Asym  Name
  1 IVZ    FINANCE    2008-08-21   18   6.7  27.2 +20.49 2027-04   12  3.86  18.75  Invesco
  2 DKS    RETAIL     2002-10-15   24   6.5  25.2 +18.74 2026-08    4  3.57  16.22  Dicks Sporting Goods Inc
  3 CHRW   INDUSTRIAL 1997-10-15   29   6.2  26.4 +20.25 2026-08    4  3.27  16.21  C.H. Robinson
  4 HON    INDUSTRIAL 1999-12-01   27   7.3  24.4 +17.13 2026-09    5  3.80  15.28  Honeywell
  5 TER    TECH       2020-09-21    6   6.3  21.5 +15.20 2027-01    9  3.78  14.36  Teradyne
  6 IBKR   FINANCE    2007-05-04   19  13.6  28.7 +15.16 2026-11    7  4.91  13.95  Interactive Brokers
  7 TPG    FINANCE    2022-01-13    4   5.2  23.3 +18.05 2027-01    9  2.88  13.58  TPG Inc.
  8 NFLX   MEDIA      2002-05-23   24   6.5  26.4 +19.87 2027-06   14  4.04  13.50  Netflix
  9 KVYO   TECH       2023-09-20    3   6.7  21.2 +14.55 2026-11    7  3.70  13.23  Klaviyo, Inc.
 10 BLDR   INDUSTRIAL 2005-06-22   21   8.1  21.9 +13.85 2026-09    5  3.81  12.17  Builders FirstSource
 11 HBAN   FINANCE    1997-08-28   29   9.2  28.4 +19.14 2027-03   11  2.91  11.87  Huntington Bancshares
 12 KDP    RETAIL     2022-06-21    4   7.1  17.8 +10.69 2026-09    5  4.46  11.84  Keurig Dr Pepper
 13 DVN    ENERGY     2000-08-30   26   9.9  23.3 +13.36 2026-11    7  3.86  11.06  Devon Energy
 14 DECK   RETAIL     1993-10-14   33  10.4  29.4 +19.00 2026-10    6  2.70  10.43  Deckers Brands
 15 CE     MATERIALS  2005-01-20   21   4.2  18.1 +13.85 2026-11    7  2.50   9.90  Celanese Corp
 16 INCY   BIOPHARM   2017-02-28    9  13.1  26.9 +13.85 2026-09    5  3.70   9.83  Incyte
 17 NXPI   TECH       2010-08-05   16  11.1  24.4 +13.27 2027-07   15  4.94   9.43  NXP Semiconductors
 18 FOXA   MEDIA      2019-03-19    7   5.6  18.7 +13.09 2027-04   12  2.70   9.30  Fox Corporation (Class A)
 19 WST    HEALTH     2020-05-22    6   8.9  26.7 +17.78 2028-03   23  3.43   9.26  West Pharmaceutical Services
 20 BX     FINANCE    2007-06-21   19   9.1  17.1 +7.97 2026-10    6  4.80   8.92  Blackstone Inc.
 21 WM     INDUSTRIAL 1998-08-31   28   6.2  19.1 +12.90 2026-11    7  2.62   8.63  Waste Management
 22 MKC    RETAIL     2003-03-20   23   5.5  27.1 +21.56 2027-07   15  2.20   8.36  McCormick & Company
 23 WYNN   RETAIL     2002-10-25   24   6.2  19.6 +13.39 2026-08    4  2.39   8.13  Wynn Resorts
 24 MPWR   TECH       2004-11-18   22   4.9  16.6 +11.64 2026-07    3  2.50   8.08  Monolithic Power Systems
 25 TTD    MEDIA      2016-09-21   10  14.5  25.6 +11.10 2027-01    9  3.76   7.84  Trade Desk (The)
 26 VRSN   TECH       1998-01-29   28  16.8  28.8 +12.01 2027-02   10  3.69   7.77  Verisign
 27 V      FINANCE    2008-03-19   18  13.3  25.3 +11.95 2027-06   14  4.73   7.64  Visa Inc.
 28 PARA   MEDIA      1996-01-22   30   5.8  18.4 +12.56 2026-10    6  2.31   7.60  Paramount Financial
 29 DOC    REIT       2013-07-18   13  11.7  22.2 +10.50 2027-03   11  3.44   7.45  Healthpeak Properties
 30 XYL    INDUSTRIAL 2011-11-01   15  15.3  31.3 +16.03 2027-08   16  3.62   7.19  Xylem Inc.
 31 ADBE   TECH       1986-08-13   40   5.7  18.0 +12.31 2027-02   10  2.20   7.14  Adobe Inc.
 32 WELL   REIT       1993-08-12   33   6.9  17.1 +10.25 2026-08    4  2.70   6.99  Welltower
 33 TSN    RETAIL     2005-08-10   21   5.9  17.1 +11.28 2027-05   13  3.29   6.85  Tyson Foods
 34 PSX    ENERGY     2012-05-01   14  16.8  30.0 +13.22 2027-05   13  4.25   6.83  Phillips 66
 35 CF     METALS     2005-08-10   21   6.0  17.1 +11.12 2027-05   13  3.29   6.70  CF Industries
 36 TDG    INDUSTRIAL 2006-03-14   20  12.8  22.5 +9.70 2026-11    7  3.42   6.64  TransDigm Group
 37 ROP    TECH       2009-12-23   17  17.4  23.4 +5.98 2027-01    9  5.91   6.55  Roper Technologies
 38 NTAP   TECH       1995-11-21   31  17.0  25.8 +8.80 2027-01    9  4.11   6.51  NetApp
 39 J      INDUSTRIAL 2007-10-26   19  12.8  23.1 +10.38 2026-10    6  3.12   6.45  Jacobs Solutions
 40 AWK    UTILS      2008-04-22   18   9.2  19.7 +10.51 2027-03   11  2.62   6.24  American Water Works

-----------------------------------------------------------------------------------------------------------------------------------------------------------
TECH  — top 10 by sector-aware asymmetry
-----------------------------------------------------------------------------------------------------------------------------------------------------------
 Rk Tkr    IPO         Age   Now  Peak     Δ PkMo     Run BubPk   Asym  Name
  1 TER    2020-09-21    6   6.3  21.5 +15.20 2027-01    9  3.78  14.36  Teradyne
  2 KVYO   2023-09-20    3   6.7  21.2 +14.55 2026-11    7  3.70  13.23  Klaviyo, Inc.
  3 NXPI   2010-08-05   16  11.1  24.4 +13.27 2027-07   15  4.94   9.43  NXP Semiconductors
  4 MPWR   2004-11-18   22   4.9  16.6 +11.64 2026-07    3  2.50   8.08  Monolithic Power Systems
  5 VRSN   1998-01-29   28  16.8  28.8 +12.01 2027-02   10  3.69   7.77  Verisign
  6 ADBE   1986-08-13   40   5.7  18.0 +12.31 2027-02   10  2.20   7.14  Adobe Inc.
  7 ROP    2009-12-23   17  17.4  23.4 +5.98 2027-01    9  5.91   6.55  Roper Technologies
  8 NTAP   1995-11-21   31  17.0  25.8 +8.80 2027-01    9  4.11   6.51  NetApp
  9 INGM   2024-10-24    2  12.2  20.9 +8.73 2026-11    7  3.37   6.08  Ingram Micro Holding Corp
 10 TDY    2020-06-22    6  12.1  20.1 +7.94 2026-09    5  3.63   6.03  Teledyne Technologies

-----------------------------------------------------------------------------------------------------------------------------------------------------------
BIOPHARM  — top 2 by sector-aware asymmetry
-----------------------------------------------------------------------------------------------------------------------------------------------------------
 Rk Tkr    IPO         Age   Now  Peak     Δ PkMo     Run BubPk   Asym  Name
  1 INCY   2017-02-28    9  13.1  26.9 +13.85 2026-09    5  3.70   9.83  Incyte
  2 ZTS    2013-01-31   13  15.2  22.9 +7.70 2026-09    5  2.96   4.36  Zoetis

-----------------------------------------------------------------------------------------------------------------------------------------------------------
ENERGY  — top 5 by sector-aware asymmetry
-----------------------------------------------------------------------------------------------------------------------------------------------------------
 Rk Tkr    IPO         Age   Now  Peak     Δ PkMo     Run BubPk   Asym  Name
  1 DVN    2000-08-30   26   9.9  23.3 +13.36 2026-11    7  3.86  11.06  Devon Energy
  2 PSX    2012-05-01   14  16.8  30.0 +13.22 2027-05   13  4.25   6.83  Phillips 66
  3 APA    1997-07-28   29  15.4  21.9 +6.41 2027-03   11  3.49   4.32  APA Corporation
  4 CTRA   2000-02-02   26  16.7  22.0 +5.27 2026-07    3  4.24   4.26  Centra Software Inc
  5 TRGP   2010-12-06   16   8.7  17.4 +8.61 2027-08   16  2.22   3.15  Targa Resources

-----------------------------------------------------------------------------------------------------------------------------------------------------------
FINANCE  — top 10 by sector-aware asymmetry
-----------------------------------------------------------------------------------------------------------------------------------------------------------
 Rk Tkr    IPO         Age   Now  Peak     Δ PkMo     Run BubPk   Asym  Name
  1 IVZ    2008-08-21   18   6.7  27.2 +20.49 2027-04   12  3.86  18.75  Invesco
  2 IBKR   2007-05-04   19  13.6  28.7 +15.16 2026-11    7  4.91  13.95  Interactive Brokers
  3 TPG    2022-01-13    4   5.2  23.3 +18.05 2027-01    9  2.88  13.58  TPG Inc.
  4 HBAN   1997-08-28   29   9.2  28.4 +19.14 2027-03   11  2.91  11.87  Huntington Bancshares
  5 BX     2007-06-21   19   9.1  17.1 +7.97 2026-10    6  4.80   8.92  Blackstone Inc.
  6 V      2008-03-19   18  13.3  25.3 +11.95 2027-06   14  4.73   7.64  Visa Inc.
  7 GS     1999-05-03   27  14.7  25.6 +10.93 2027-12   20  4.35   6.23  Goldman Sachs
  8 FICO   2023-03-20    3   8.1  17.7 +9.59 2028-02   22  3.64   5.86  Fair Isaac
  9 UPST   2020-12-16    6   8.1  17.6 +9.52 2028-04   24  3.59   5.74  Upstart Holdings Inc
 10 WRB    2019-12-05    7   8.8  17.5 +8.72 2026-08    4  2.65   5.43  W. R. Berkley Corporation

-----------------------------------------------------------------------------------------------------------------------------------------------------------
RETAIL  — top 10 by sector-aware asymmetry
-----------------------------------------------------------------------------------------------------------------------------------------------------------
 Rk Tkr    IPO         Age   Now  Peak     Δ PkMo     Run BubPk   Asym  Name
  1 DKS    2002-10-15   24   6.5  25.2 +18.74 2026-08    4  3.57  16.22  Dicks Sporting Goods Inc
  2 KDP    2022-06-21    4   7.1  17.8 +10.69 2026-09    5  4.46  11.84  Keurig Dr Pepper
  3 DECK   1993-10-14   33  10.4  29.4 +19.00 2026-10    6  2.70  10.43  Deckers Brands
  4 MKC    2003-03-20   23   5.5  27.1 +21.56 2027-07   15  2.20   8.36  McCormick & Company
  5 WYNN   2002-10-25   24   6.2  19.6 +13.39 2026-08    4  2.39   8.13  Wynn Resorts
  6 TSN    2005-08-10   21   5.9  17.1 +11.28 2027-05   13  3.29   6.85  Tyson Foods
  7 ULTA   2007-10-24   19  15.0  29.8 +14.80 2026-11    7  2.20   5.86  Ulta Beauty
  8 GME    2002-02-12   24  13.0  20.3 +7.27 2027-02   10  3.70   5.52  GameStop Corp
  9 RCL    1993-04-27   33   8.9  15.2 +6.30 2027-01    9  3.49   5.29  Royal Caribbean Group
 10 KVUE   2023-05-04    3   8.5  17.7 +9.19 2027-04   12  2.41   5.23  Kenvue

-----------------------------------------------------------------------------------------------------------------------------------------------------------
MEDIA  — top 6 by sector-aware asymmetry
-----------------------------------------------------------------------------------------------------------------------------------------------------------
 Rk Tkr    IPO         Age   Now  Peak     Δ PkMo     Run BubPk   Asym  Name
  1 NFLX   2002-05-23   24   6.5  26.4 +19.87 2027-06   14  4.04  13.50  Netflix
  2 FOXA   2019-03-19    7   5.6  18.7 +13.09 2027-04   12  2.70   9.30  Fox Corporation (Class A)
  3 TTD    2016-09-21   10  14.5  25.6 +11.10 2027-01    9  3.76   7.84  Trade Desk (The)
  4 PARA   1996-01-22   30   5.8  18.4 +12.56 2026-10    6  2.31   7.60  Paramount Financial
  5 SNAP   2017-03-02    9  15.8  22.4 +6.61 2028-04   24  2.88   2.54  Snap Inc
  6 LYV    2019-12-23    7  16.9  21.2 +4.32 2026-06    2  4.09   2.40  Live Nation Entertainment

-----------------------------------------------------------------------------------------------------------------------------------------------------------
HEALTH  — top 7 by sector-aware asymmetry
-----------------------------------------------------------------------------------------------------------------------------------------------------------
 Rk Tkr    IPO         Age   Now  Peak     Δ PkMo     Run BubPk   Asym  Name
  1 WST    2020-05-22    6   8.9  26.7 +17.78 2028-03   23  3.43   9.26  West Pharmaceutical Services
  2 COR    2010-09-22   16  14.2  21.2 +7.03 2026-12    8  4.11   5.74  Cencora
  3 MDT    1986-10-31   40  15.4  24.1 +8.72 2026-09    5  2.99   4.90  Medtronic
  4 TMO    2004-08-03   22  12.3  21.7 +9.36 2026-09    5  2.30   4.39  Thermo Fisher Scientific
  5 TECH   2021-08-30    5  12.7  18.8 +6.10 2026-11    7  3.09   3.97  Bio-Techne
  6 ALGN   2001-01-26   25  13.1  21.5 +8.42 2026-06    2  2.63   3.13  Align Technology
  7 SYK    2000-12-12   26  12.9  20.6 +7.66 2028-04   24  2.85   3.12  Stryker Corporation

-----------------------------------------------------------------------------------------------------------------------------------------------------------
REIT  — top 8 by sector-aware asymmetry
-----------------------------------------------------------------------------------------------------------------------------------------------------------
 Rk Tkr    IPO         Age   Now  Peak     Δ PkMo     Run BubPk   Asym  Name
  1 DOC    2013-07-18   13  11.7  22.2 +10.50 2027-03   11  3.44   7.45  Healthpeak Properties
  2 WELL   1993-08-12   33   6.9  17.1 +10.25 2026-08    4  2.70   6.99  Welltower
  3 EQR    1993-08-11   33   8.2  21.5 +13.33 2026-06    2  2.70   5.80  Equity Residential
  4 IRM    1996-02-01   30  14.5  20.8 +6.31 2026-09    5  3.54   4.44  Iron Mountain
  5 BXP    1997-06-17   29  12.8  21.6 +8.84 2026-06    2  3.12   3.91  BXP, Inc.
  6 INVH   2017-02-01    9  17.0  22.1 +5.18 2026-09    5  3.50   3.44  Invitation Homes
  7 AMT    1998-02-26   28  14.1  19.5 +5.42 2027-03   11  2.70   2.99  American Tower
  8 DLR    2004-10-28   22  15.8  20.0 +4.23 2026-11    7  2.20   1.86  Digital Realty

-----------------------------------------------------------------------------------------------------------------------------------------------------------
INDUSTRIAL  — top 10 by sector-aware asymmetry
-----------------------------------------------------------------------------------------------------------------------------------------------------------
 Rk Tkr    IPO         Age   Now  Peak     Δ PkMo     Run BubPk   Asym  Name
  1 CHRW   1997-10-15   29   6.2  26.4 +20.25 2026-08    4  3.27  16.21  C.H. Robinson
  2 HON    1999-12-01   27   7.3  24.4 +17.13 2026-09    5  3.80  15.28  Honeywell
  3 BLDR   2005-06-22   21   8.1  21.9 +13.85 2026-09    5  3.81  12.17  Builders FirstSource
  4 WM     1998-08-31   28   6.2  19.1 +12.90 2026-11    7  2.62   8.63  Waste Management
  5 XYL    2011-11-01   15  15.3  31.3 +16.03 2027-08   16  3.62   7.19  Xylem Inc.
  6 TDG    2006-03-14   20  12.8  22.5 +9.70 2026-11    7  3.42   6.64  TransDigm Group
  7 J      2007-10-26   19  12.8  23.1 +10.38 2026-10    6  3.12   6.45  Jacobs Solutions
  8 PWR    1998-02-12   28  14.8  26.5 +11.66 2026-06    2  4.10   6.20  Quanta Services
  9 ALLE   2013-12-02   13   7.9  25.3 +17.42 2026-05    1  2.20   6.11  Allegion
 10 NDSN   2022-02-15    4   8.4  18.7 +10.34 2027-03   11  2.25   5.46  Nordson Corporation

-----------------------------------------------------------------------------------------------------------------------------------------------------------
METALS  — top 4 by sector-aware asymmetry
-----------------------------------------------------------------------------------------------------------------------------------------------------------
 Rk Tkr    IPO         Age   Now  Peak     Δ PkMo     Run BubPk   Asym  Name
  1 CF     2005-08-10   21   6.0  17.1 +11.12 2027-05   13  3.29   6.70  CF Industries
  2 CTVA   2019-06-03    7   9.6  18.5 +8.85 2027-07   15  3.50   4.91  Corteva
  3 DD     2019-06-03    7   9.6  18.5 +8.85 2027-07   15  3.50   4.91  DuPont
  4 LYB    2012-09-05   14  13.1  26.6 +13.54 2027-08   16  2.61   4.75  LyondellBasell

-----------------------------------------------------------------------------------------------------------------------------------------------------------
UTILS  — top 2 by sector-aware asymmetry
-----------------------------------------------------------------------------------------------------------------------------------------------------------
 Rk Tkr    IPO         Age   Now  Peak     Δ PkMo     Run BubPk   Asym  Name
  1 AWK    2008-04-22   18   9.2  19.7 +10.51 2027-03   11  2.62   6.24  American Water Works
  2 FE     1997-11-07   29   5.4  12.8 +7.42 2026-09    5  2.08   4.36  FirstEnergy
