111 tradeable survivors

=====================================================================================================================================================================
TOP 30 — MACRO-REGIME + SECTOR-AWARE ASYMMETRIC
=====================================================================================================================================================================
  # Tkr    ModSec         Sec        Age   Now  Peak     Δ  Bub PkMo     Run mNow  mPk  Asym  Name
  1 NXPI   SEMIS          TECH        16  15.3  46.2 +30.88 4.94 2026-07    3 1.43 2.01 25.27  NXP Semiconductors
  2 TER    SEMIS          TECH         6   8.6  35.2 +26.58 3.78 2026-07    3 1.43 2.01 21.27  Teradyne
  3 NFLX   STREAMING      MEDIA       24   8.1  43.4 +35.25 4.04 2027-06   14 1.24 1.66 20.91  Netflix
  4 KVYO   TECH           TECH         3   8.8  33.8 +25.01 3.70 2026-11    7 1.37 1.62 19.56  Klaviyo, Inc.
  5 CHRW   INDUSTRIAL     INDUSTRIAL  29   7.8  31.6 +23.86 3.27 2026-08    4 1.31 1.21 17.31  C.H. Robinson
  6 HON    INDUSTRIAL     INDUSTRIAL  27   9.3  30.7 +21.34 3.80 2026-11    7 1.31 1.29 16.99  Honeywell
  7 IVZ    FINANCE        FINANCE     18   8.8  27.6 +18.77 3.86 2027-04   12 1.31 1.02 15.70  Invesco
  8 MPWR   SEMIS          TECH        22   6.6  32.6 +26.03 2.50 2026-07    3 1.43 2.01 15.17  Monolithic Power Systems
  9 DKS    RETAIL         RETAIL      24   7.0  24.8 +17.77 3.57 2026-08    4 1.07 0.99 15.04  Dicks Sporting Goods Inc
 10 FOXA   MEDIA          MEDIA        7   6.9  27.2 +20.36 2.70 2026-07    3 1.25 1.83 12.95  Fox Corporation (Class A)
 11 IBKR   FINANCE        FINANCE     19  17.7  33.5 +15.77 4.91 2026-11    7 1.31 1.17 12.92  Interactive Brokers
 12 DECK   LUXURY         RETAIL      33  12.3  36.5 +24.18 2.70 2026-10    6 1.19 1.25 12.13  Deckers Brands
 13 CE     METALS         MATERIALS   21   6.6  26.7 +20.08 2.50 2026-11    7 1.58 1.48 12.00  Celanese Corp
 14 DVN    FOSSIL         ENERGY      26   9.6  23.7 +14.07 3.86 2026-07    3 0.95 1.03 11.74  Devon Energy
 15 TTD    MEDIA          MEDIA       10  17.8  36.8 +18.97 3.76 2027-01    9 1.25 1.45 11.65  Trade Desk (The)
 16 TPG    FINANCE        FINANCE      4   6.8  23.6 +16.81 2.88 2027-01    9 1.31 1.02 11.63  TPG Inc.
 17 PARA   MEDIA          MEDIA       30   7.3  27.9 +20.65 2.31 2026-08    4 1.25 1.56 11.01  Paramount Financial
 18 WM     INDUSTRIAL     INDUSTRIAL  28   8.1  26.1 +18.01 2.62 2026-07    3 1.31 1.42 10.59  Waste Management
 19 TEL    TECH           TECH        15  16.8  33.5 +16.68 3.70 2026-08    4 1.37 1.52 10.46  TE Connectivity
 20 INGM   TECH           TECH         2  16.2  33.2 +17.01 3.37 2026-11    7 1.37 1.62  9.85  Ingram Micro Holding Corp
 21 ANSS   UNK            UNK         30   4.9  18.1 +13.19 2.67 2026-07    3 1.19 1.29  9.66  ANSYS
 22 KDP    FOOD_BEV       RETAIL       4   9.8  19.6 +9.73 4.46 2026-11    7 1.38 1.17  9.64  Keurig Dr Pepper
 23 WST    HEALTH         HEALTH       6  10.8  30.6 +19.90 3.43 2028-02   22 1.19 1.20  9.55  West Pharmaceutical Services
 24 HBAN   FINANCE        FINANCE     29  12.0  28.8 +16.79 2.91 2027-03   11 1.31 1.02  9.53  Huntington Bancshares
 25 PSX    FOSSIL         ENERGY      14  15.9  27.8 +11.91 4.25 2026-07    3 0.95 1.03  9.08  Phillips 66
 26 BLDR   HOMEBUILDER    INDUSTRIAL  21  11.0  22.0 +11.05 3.81 2026-09    5 1.38 1.02  8.84  Builders FirstSource
 27 TDG    AEROSPACE      INDUSTRIAL  20  18.7  32.8 +14.11 3.42 2026-11    7 1.49 1.47  7.94  TransDigm Group
 28 DDOG   TECH           TECH         7   8.7  30.8 +22.12 2.38 2026-05    1 1.37 1.64  7.91  Datadog
 29 WYNN   HOSPITALITY    RETAIL      24   8.1  22.5 +14.41 2.39 2026-11    7 1.32 1.17  7.91  Wynn Resorts
 30 PWR    INDUSTRIAL     INDUSTRIAL  28  18.9  35.9 +17.00 4.10 2026-06    2 1.31 1.36  7.84  Quanta Services

---------------------------------------------------------------------------------------------------------------------------------------------------------------------
AEROSPACE  (1 of 1 tradeable)
---------------------------------------------------------------------------------------------------------------------------------------------------------------------
  Tkr    Sec        Age   Now  Peak     Δ  Bub PkMo     Run  mPk  Asym  Name
  TDG    INDUSTRIAL  20  18.7  32.8 +14.11 3.42 2026-11    7 1.47  7.94  TransDigm Group

---------------------------------------------------------------------------------------------------------------------------------------------------------------------
SEMIS  (5 of 5 tradeable)
---------------------------------------------------------------------------------------------------------------------------------------------------------------------
  Tkr    Sec        Age   Now  Peak     Δ  Bub PkMo     Run  mPk  Asym  Name
  NXPI   TECH        16  15.3  46.2 +30.88 4.94 2026-07    3 2.01 25.27  NXP Semiconductors
  TER    TECH         6   8.6  35.2 +26.58 3.78 2026-07    3 2.01 21.27  Teradyne
  MPWR   TECH        22   6.6  32.6 +26.03 2.50 2026-07    3 2.01 15.17  Monolithic Power Systems
  STX    TECH        24  16.8  28.1 +11.35 2.98 2026-07    3 2.01  5.97  Seagate Technology
  AMD    TECH         9  16.8  25.0 +8.29 2.52 2026-12    8 1.72  3.80  Advanced Micro Devices

---------------------------------------------------------------------------------------------------------------------------------------------------------------------
AI_QUANTUM  (1 of 1 tradeable)
---------------------------------------------------------------------------------------------------------------------------------------------------------------------
  Tkr    Sec        Age   Now  Peak     Δ  Bub PkMo     Run  mPk  Asym  Name
  APP    TECH        32   7.8  21.3 +13.48 2.84 2026-05    1 1.74  6.29  AppLovin

---------------------------------------------------------------------------------------------------------------------------------------------------------------------
CYBERSEC  (2 of 2 tradeable)
---------------------------------------------------------------------------------------------------------------------------------------------------------------------
  Tkr    Sec        Age   Now  Peak     Δ  Bub PkMo     Run  mPk  Asym  Name
  FTNT   TECH        17  16.9  27.4 +10.48 2.73 2026-07    3 1.61  5.08  Fortinet
  OKTA   TECH         9  17.2  30.0 +12.75 2.20 2026-05    1 1.49  3.38  Okta Inc

---------------------------------------------------------------------------------------------------------------------------------------------------------------------
METALS  (5 of 5 tradeable)
---------------------------------------------------------------------------------------------------------------------------------------------------------------------
  Tkr    Sec        Age   Now  Peak     Δ  Bub PkMo     Run  mPk  Asym  Name
  CE     MATERIALS   21   6.6  26.7 +20.08 2.50 2026-11    7 1.48 12.00  Celanese Corp
  CF     METALS      21   9.1  22.9 +13.75 3.29 2027-06   14 1.48  7.00  CF Industries
  CTVA   METALS       7  14.5  25.3 +10.85 3.50 2027-07   15 1.39  5.02  Corteva
  DD     METALS       7  14.5  25.3 +10.85 3.50 2027-07   15 1.39  5.02  DuPont
  LYB    METALS      14  20.0  31.3 +11.31 2.61 2027-08   16 1.20  3.38  LyondellBasell

---------------------------------------------------------------------------------------------------------------------------------------------------------------------
HOMEBUILDER  (2 of 2 tradeable)
---------------------------------------------------------------------------------------------------------------------------------------------------------------------
  Tkr    Sec        Age   Now  Peak     Δ  Bub PkMo     Run  mPk  Asym  Name
  BLDR   INDUSTRIAL  21  11.0  22.0 +11.05 3.81 2026-09    5 1.02  8.84  Builders FirstSource
  DHI    INDUSTRIAL  34  14.5  25.3 +10.71 2.20 2026-06    2 1.43  3.11  D. R. Horton

---------------------------------------------------------------------------------------------------------------------------------------------------------------------
REIT  (4 of 4 tradeable)
---------------------------------------------------------------------------------------------------------------------------------------------------------------------
  Tkr    Sec        Age   Now  Peak     Δ  Bub PkMo     Run  mPk  Asym  Name
  EQR    REIT        33  10.7  29.4 +18.77 2.70 2026-06    2 1.37  7.16  Equity Residential
  WELL   REIT        33   8.8  18.4 +9.61 2.70 2026-08    4 1.10  6.01  Welltower
  BXP    REIT        29  16.4  29.8 +13.34 3.12 2026-06    2 1.37  5.09  BXP, Inc.
  DOC    REIT        13  15.6  25.6 +10.06 3.44 2026-06    2 1.37  4.46  Healthpeak Properties

---------------------------------------------------------------------------------------------------------------------------------------------------------------------
WATER_UTIL  (1 of 1 tradeable)
---------------------------------------------------------------------------------------------------------------------------------------------------------------------
  Tkr    Sec        Age   Now  Peak     Δ  Bub PkMo     Run  mPk  Asym  Name
  AWK    UTILS       18  11.8  19.8 +7.93 2.62 2027-03   11 1.02  4.39  American Water Works

---------------------------------------------------------------------------------------------------------------------------------------------------------------------
FOOD_BEV  (3 of 3 tradeable)
---------------------------------------------------------------------------------------------------------------------------------------------------------------------
  Tkr    Sec        Age   Now  Peak     Δ  Bub PkMo     Run  mPk  Asym  Name
  KDP    RETAIL       4   9.8  19.6 +9.73 4.46 2026-11    7 1.17  9.64  Keurig Dr Pepper
  MKC    RETAIL      23   7.5  29.6 +22.15 2.20 2027-07   15 1.10  7.73  McCormick & Company
  TSN    RETAIL      21   8.0  18.0 +10.02 3.29 2027-05   13 1.06  5.52  Tyson Foods

---------------------------------------------------------------------------------------------------------------------------------------------------------------------
HOSPITALITY  (4 of 4 tradeable)
---------------------------------------------------------------------------------------------------------------------------------------------------------------------
  Tkr    Sec        Age   Now  Peak     Δ  Bub PkMo     Run  mPk  Asym  Name
  WYNN   RETAIL      24   8.1  22.5 +14.41 2.39 2026-11    7 1.17  7.91  Wynn Resorts
  MGM    RETAIL      29   6.3  16.8 +10.48 2.01 2026-07    3 1.29  5.46  MGM Resorts
  RCL    RETAIL      33  11.6  17.5 +5.84 3.49 2026-11    7 1.17  4.47  Royal Caribbean Group
  MAR    RETAIL      28  14.7  20.6 +5.85 3.60 2026-11    7 1.17  4.19  Marriott International

---------------------------------------------------------------------------------------------------------------------------------------------------------------------
STREAMING  (1 of 1 tradeable)
---------------------------------------------------------------------------------------------------------------------------------------------------------------------
  Tkr    Sec        Age   Now  Peak     Δ  Bub PkMo     Run  mPk  Asym  Name
  NFLX   MEDIA       24   8.1  43.4 +35.25 4.04 2027-06   14 1.66 20.91  Netflix

---------------------------------------------------------------------------------------------------------------------------------------------------------------------
LUXURY  (1 of 1 tradeable)
---------------------------------------------------------------------------------------------------------------------------------------------------------------------
  Tkr    Sec        Age   Now  Peak     Δ  Bub PkMo     Run  mPk  Asym  Name
  DECK   RETAIL      33  12.3  36.5 +24.18 2.70 2026-10    6 1.25 12.13  Deckers Brands

---------------------------------------------------------------------------------------------------------------------------------------------------------------------
BIOTECH  (1 of 1 tradeable)
---------------------------------------------------------------------------------------------------------------------------------------------------------------------
  Tkr    Sec        Age   Now  Peak     Δ  Bub PkMo     Run  mPk  Asym  Name
  INCY   BIOPHARM     9  17.7  31.8 +14.03 3.70 2027-06   14 1.35  6.12  Incyte

---------------------------------------------------------------------------------------------------------------------------------------------------------------------
AUTONOMOUS  (1 of 1 tradeable)
---------------------------------------------------------------------------------------------------------------------------------------------------------------------
  Tkr    Sec        Age   Now  Peak     Δ  Bub PkMo     Run  mPk  Asym  Name
  UBER   INDUSTRIAL   7   6.3  17.3 +10.94 2.09 2028-04   24 1.40  4.13  Uber

---------------------------------------------------------------------------------------------------------------------------------------------------------------------
TECH  (8 of 21 tradeable)
---------------------------------------------------------------------------------------------------------------------------------------------------------------------
  Tkr    Sec        Age   Now  Peak     Δ  Bub PkMo     Run  mPk  Asym  Name
  KVYO   TECH         3   8.8  33.8 +25.01 3.70 2026-11    7 1.62 19.56  Klaviyo, Inc.
  TEL    TECH        15  16.8  33.5 +16.68 3.70 2026-08    4 1.52 10.46  TE Connectivity
  INGM   TECH         2  16.2  33.2 +17.01 3.37 2026-11    7 1.62  9.85  Ingram Micro Holding Corp
  DDOG   TECH         7   8.7  30.8 +22.12 2.38 2026-05    1 1.64  7.91  Datadog
  JBL    TECH         3  18.4  34.1 +15.69 3.94 2028-04   24 1.49  7.10  Jabil
  ADBE   TECH        40   7.5  27.5 +20.03 2.20 2026-05    1 1.64  7.05  Adobe Inc.
  GLW    TECH        31  11.1  25.9 +14.85 2.20 2026-07    3 1.78  6.64  Corning Inc.
  FFIV   TECH        27   7.5  25.2 +17.68 2.20 2027-08   16 1.31  6.30  F5, Inc.

---------------------------------------------------------------------------------------------------------------------------------------------------------------------
FINANCE  (8 of 16 tradeable)
---------------------------------------------------------------------------------------------------------------------------------------------------------------------
  Tkr    Sec        Age   Now  Peak     Δ  Bub PkMo     Run  mPk  Asym  Name
  IVZ    FINANCE     18   8.8  27.6 +18.77 3.86 2027-04   12 1.02 15.70  Invesco
  IBKR   FINANCE     19  17.7  33.5 +15.77 4.91 2026-11    7 1.17 12.92  Interactive Brokers
  TPG    FINANCE      4   6.8  23.6 +16.81 2.88 2027-01    9 1.02 11.63  TPG Inc.
  HBAN   FINANCE     29  12.0  28.8 +16.79 2.91 2027-03   11 1.02  9.53  Huntington Bancshares
  V      FINANCE     18  17.2  29.4 +12.23 4.73 2027-06   14 1.17  7.02  Visa Inc.
  BX     FINANCE     19  11.9  17.9 +6.04 4.80 2026-10    6 1.06  6.27  Blackstone Inc.
  GS     FINANCE     27  19.1  26.9 +7.74 4.35 2026-07    3 1.29  5.84  Goldman Sachs
  MCO    FINANCE     33  14.7  25.7 +10.99 2.47 2026-07    3 1.29  5.08  Moody's Corporation

---------------------------------------------------------------------------------------------------------------------------------------------------------------------
FOSSIL  (3 of 3 tradeable)
---------------------------------------------------------------------------------------------------------------------------------------------------------------------
  Tkr    Sec        Age   Now  Peak     Δ  Bub PkMo     Run  mPk  Asym  Name
  DVN    ENERGY      26   9.6  23.7 +14.07 3.86 2026-07    3 1.03 11.74  Devon Energy
  PSX    ENERGY      14  15.9  27.8 +11.91 4.25 2026-07    3 1.03  9.08  Phillips 66
  APA    ENERGY      29  14.6  21.9 +7.29 3.49 2026-06    2 0.99  3.48  APA Corporation

---------------------------------------------------------------------------------------------------------------------------------------------------------------------
MEME  (1 of 1 tradeable)
---------------------------------------------------------------------------------------------------------------------------------------------------------------------
  Tkr    Sec        Age   Now  Peak     Δ  Bub PkMo     Run  mPk  Asym  Name
  GME    RETAIL      24  11.6  16.9 +5.37 3.70 2026-06    2 0.93  3.08  GameStop Corp
