Building eclipse DB (1970-2027)...

  Running 2021-04 -> 2023-04...
  Period 2021-04: scanned 391 kept 113 in 80s

  Running 2022-04 -> 2024-04...
  Period 2022-04: scanned 397 kept 149 in 82s

  Running 2023-04 -> 2025-04...
  Period 2023-04: scanned 400 kept 149 in 82s

  Loading Apr 2024 results from prior run...

======================================================================================================================================================
 MULTI-PERIOD BACKTEST RESULTS (top-50 v25 picks per period)
======================================================================================================================================================
Period        n   Mean Ret  Med Ret   Mean Peak  Med Peak   Hit≥50%  Hit≥100%   SPY Ret  SPY Pk  Excess Pk  BeatSPY
2021-04      40      -3.3%    -1.8%      +37.9%    +33.3%       28%        5%     +2.9%  +19.2%     +18.6pp      40%
2022-04      45     +28.6%   +15.2%      +53.6%    +25.2%       31%       11%     +9.3%  +15.5%     +38.1pp      56%
2023-04      42     +33.4%   +26.4%      +85.4%    +61.2%       55%       26%    +25.0%  +49.1%     +36.2pp      52%
2024-04      49     +46.3%   +13.8%      +86.4%    +50.1%       51%       18%    +34.8%  +36.0%     +50.4pp      37%

POOLED      176     +27.5%   +13.7%      +66.7%    +35.8%       41%       15%
POOLED EXCESS over SPY peak        : mean +36.7pp  median +11.8pp

====================================================================================================
 POOLED QUINTILE STRATIFICATION (sort each period by asym, bucket, then aggregate)
====================================================================================================
Quintile    n   Mean Ret  Med Ret   Mean Peak  Med Peak  Hit≥50% Hit≥100%
Q1        34     +17.6%   +17.6%      +49.8%    +37.3%       41%       18%
Q2        34      +7.1%    +4.6%      +39.6%    +27.2%       29%        9%
Q3        34     +35.7%   +16.4%      +82.7%    +48.8%       47%       21%
Q4        34     +25.7%   +10.5%      +64.9%    +35.3%       38%        9%
Q5        40     +47.7%   +29.3%      +92.2%    +50.3%       50%       20%

====================================================================================================
 PEAK-MONTH FORECAST ACCURACY across all periods
====================================================================================================
  73 picks with peak return >=+50% pooled
  Median |days off|: 308 days
  Mean   |days off|: 305 days
  Within  60d:  10/73 (14%)
  Within  90d:  14/73 (19%)
  Within 180d:  21/73 (29%)
